<html>
<body>
<pre>
<h1>µVision Build Log</h1>
<h2>Tool Versions:</h2>
IDE-Version: µVision V5.25.2.0
Copyright (C) 2018 ARM Ltd and ARM Germany GmbH. All rights reserved.
License Information: qwe qwe, qwe, LIC=----
 
Tool Versions:
Toolchain:       MDK-Lite  Version: 5.25.2.0
Toolchain Path:  E:\Programs\Keil\ARM\ARMCC\Bin
C Compiler:      Armcc.exe V5.06 update 6 (build 750)
Assembler:       Armasm.exe V5.06 update 6 (build 750)
Linker/Locator:  ArmLink.exe V5.06 update 6 (build 750)
Library Manager: ArmAr.exe V5.06 update 6 (build 750)
Hex Converter:   FromElf.exe V5.06 update 6 (build 750)
CPU DLL:         SARMCM3.DLL V5.25.2.0
Dialog DLL:      DCM.DLL V1.17.1.0
Target DLL:      STLink\ST-LINKIII-KEIL_SWO.dll V3.0.1.0
Dialog DLL:      TCM.DLL V1.35.1.0
 
<h2>Project:</h2>
D:\ðàáî÷èé ñòîë\äèïëîì\GIT+Template\Project\STM32F4xx_StdPeriph_Templates\MDK-ARM\Project.uvprojx
Project File Date:  03/03/2023

<h2>Output:</h2>
*** Using Compiler 'V5.06 update 6 (build 750)', folder: 'E:\Programs\Keil\ARM\ARMCC\Bin'
Rebuild target 'STM32F429_439xx'
assembling startup_stm32f429_439xx.s...
compiling misc.c...
compiling stm32f4xx_dac.c...
compiling stm32f4xx_cryp_des.c...
compiling system_stm32f4xx.c...
compiling stm32f4xx_dcmi.c...
compiling stm32f4xx_can.c...
compiling stm32f4xx_cryp.c...
compiling stm32f4xx_pwr.c...
compiling stm32f4xx_flash.c...
compiling stm32f4xx_iwdg.c...
compiling stm32f4xx_rng.c...
compiling stm32f4xx_dma2d.c...
compiling stm32f4xx_hash.c...
compiling stm32f4xx_hash_sha1.c...
compiling stm32f4xx_wwdg.c...
compiling stm32f4xx_dbgmcu.c...
compiling stm32f4xx_sai.c...
compiling stm32f4xx_adc.c...
compiling stm32f4xx_spi.c...
compiling stm32f4xx_tim.c...
compiling stm32f4xx_cryp_aes.c...
compiling stm32f4xx_exti.c...
compiling stm32f4xx_i2c.c...
compiling stm32f4xx_crc.c...
compiling stm32f4xx_gpio.c...
compiling stm32f4xx_sdio.c...
compiling stm32f4xx_usart.c...
compiling stm32f4xx_rcc.c...
compiling stm32f4xx_syscfg.c...
compiling stm32f4xx_hash_md5.c...
compiling stm32f4xx_ltdc.c...
compiling stm32f4xx_cryp_tdes.c...
compiling stm32f4xx_dma.c...
compiling stm32f4xx_fmc.c...
compiling stm32f4xx_rtc.c...
compiling SCCB.C...
compiling stm32f4xx_it.c...
compiling usart.c...
compiling dcmi_OV2640.c...
compiling stm324x9i_eval.c...
compiling 32f429_sdram.c...
compiling main.c...
compiling i2c.c...
compiling dcmi.c...
compiling 32f429_lcd.c...
linking...
Program Size: Code=11036 RO-data=8164 RW-data=132 ZI-data=1028  
FromELF: creating hex file...
".\STM32F429_439xx\STM32F429_439xx.axf" - 0 Error(s), 0 Warning(s).

<h2>Software Packages used:</h2>

Package Vendor: Keil
                https://www.keil.com/pack/Keil.STM32F4xx_DFP.2.17.0.pack
                Keil.STM32F4xx_DFP.2.17.0
                STMicroelectronics STM32F4 Series Device Support, Drivers and Examples

<h2>Collection of Component include folders:</h2>
  .\RTE\_STM32F429_439xx
  E:\Programs\Keil\ARM\PACK\Keil\STM32F4xx_DFP\2.17.0\Drivers\CMSIS\Device\ST\STM32F4xx\Include

<h2>Collection of Component Files used:</h2>
Build Time Elapsed:  00:00:13
</pre>
</body>
</html>
