Component: ARM Compiler 5.06 update 6 (build 750) Tool: armlink [4d35ed]

==============================================================================

Section Cross References

    system_stm32f4xx.o(i.SystemCoreClockUpdate) refers to system_stm32f4xx.o(.data) for .data
    system_stm32f4xx.o(i.SystemInit) refers to system_stm32f4xx.o(i.SetSysClock) for SetSysClock
    startup_stm32f429_439xx.o(RESET) refers to startup_stm32f429_439xx.o(STACK) for __initial_sp
    startup_stm32f429_439xx.o(RESET) refers to startup_stm32f429_439xx.o(.text) for Reset_Handler
    startup_stm32f429_439xx.o(RESET) refers to stm32f4xx_it.o(i.NMI_Handler) for NMI_Handler
    startup_stm32f429_439xx.o(RESET) refers to stm32f4xx_it.o(i.HardFault_Handler) for HardFault_Handler
    startup_stm32f429_439xx.o(RESET) refers to stm32f4xx_it.o(i.MemManage_Handler) for MemManage_Handler
    startup_stm32f429_439xx.o(RESET) refers to stm32f4xx_it.o(i.BusFault_Handler) for BusFault_Handler
    startup_stm32f429_439xx.o(RESET) refers to stm32f4xx_it.o(i.UsageFault_Handler) for UsageFault_Handler
    startup_stm32f429_439xx.o(RESET) refers to stm32f4xx_it.o(i.SVC_Handler) for SVC_Handler
    startup_stm32f429_439xx.o(RESET) refers to stm32f4xx_it.o(i.DebugMon_Handler) for DebugMon_Handler
    startup_stm32f429_439xx.o(RESET) refers to stm32f4xx_it.o(i.PendSV_Handler) for PendSV_Handler
    startup_stm32f429_439xx.o(RESET) refers to stm32f4xx_it.o(i.SysTick_Handler) for SysTick_Handler
    startup_stm32f429_439xx.o(RESET) refers to stm32f4xx_it.o(i.DMA2_Stream1_IRQHandler) for DMA2_Stream1_IRQHandler
    startup_stm32f429_439xx.o(RESET) refers to stm32f4xx_it.o(i.DCMI_IRQHandler) for DCMI_IRQHandler
    startup_stm32f429_439xx.o(.text) refers to system_stm32f4xx.o(i.SystemInit) for SystemInit
    startup_stm32f429_439xx.o(.text) refers to entry.o(.ARM.Collect$$$$00000000) for __main
    stm32f4xx_can.o(i.CAN_DeInit) refers to stm32f4xx_rcc.o(i.RCC_APB1PeriphResetCmd) for RCC_APB1PeriphResetCmd
    stm32f4xx_can.o(i.CAN_GetITStatus) refers to stm32f4xx_can.o(i.CheckITStatus) for CheckITStatus
    stm32f4xx_cryp.o(i.CRYP_DeInit) refers to stm32f4xx_rcc.o(i.RCC_AHB2PeriphResetCmd) for RCC_AHB2PeriphResetCmd
    stm32f4xx_cryp_des.o(i.CRYP_DES_CBC) refers to stm32f4xx_cryp.o(i.CRYP_KeyStructInit) for CRYP_KeyStructInit
    stm32f4xx_cryp_des.o(i.CRYP_DES_CBC) refers to stm32f4xx_cryp.o(i.CRYP_Init) for CRYP_Init
    stm32f4xx_cryp_des.o(i.CRYP_DES_CBC) refers to stm32f4xx_cryp.o(i.CRYP_KeyInit) for CRYP_KeyInit
    stm32f4xx_cryp_des.o(i.CRYP_DES_CBC) refers to stm32f4xx_cryp.o(i.CRYP_IVInit) for CRYP_IVInit
    stm32f4xx_cryp_des.o(i.CRYP_DES_CBC) refers to stm32f4xx_cryp.o(i.CRYP_FIFOFlush) for CRYP_FIFOFlush
    stm32f4xx_cryp_des.o(i.CRYP_DES_CBC) refers to stm32f4xx_cryp.o(i.CRYP_Cmd) for CRYP_Cmd
    stm32f4xx_cryp_des.o(i.CRYP_DES_CBC) refers to stm32f4xx_cryp.o(i.CRYP_GetCmdStatus) for CRYP_GetCmdStatus
    stm32f4xx_cryp_des.o(i.CRYP_DES_CBC) refers to stm32f4xx_cryp.o(i.CRYP_DataIn) for CRYP_DataIn
    stm32f4xx_cryp_des.o(i.CRYP_DES_CBC) refers to stm32f4xx_cryp.o(i.CRYP_GetFlagStatus) for CRYP_GetFlagStatus
    stm32f4xx_cryp_des.o(i.CRYP_DES_CBC) refers to stm32f4xx_cryp.o(i.CRYP_DataOut) for CRYP_DataOut
    stm32f4xx_cryp_des.o(i.CRYP_DES_ECB) refers to stm32f4xx_cryp.o(i.CRYP_KeyStructInit) for CRYP_KeyStructInit
    stm32f4xx_cryp_des.o(i.CRYP_DES_ECB) refers to stm32f4xx_cryp.o(i.CRYP_Init) for CRYP_Init
    stm32f4xx_cryp_des.o(i.CRYP_DES_ECB) refers to stm32f4xx_cryp.o(i.CRYP_KeyInit) for CRYP_KeyInit
    stm32f4xx_cryp_des.o(i.CRYP_DES_ECB) refers to stm32f4xx_cryp.o(i.CRYP_FIFOFlush) for CRYP_FIFOFlush
    stm32f4xx_cryp_des.o(i.CRYP_DES_ECB) refers to stm32f4xx_cryp.o(i.CRYP_Cmd) for CRYP_Cmd
    stm32f4xx_cryp_des.o(i.CRYP_DES_ECB) refers to stm32f4xx_cryp.o(i.CRYP_GetCmdStatus) for CRYP_GetCmdStatus
    stm32f4xx_cryp_des.o(i.CRYP_DES_ECB) refers to stm32f4xx_cryp.o(i.CRYP_DataIn) for CRYP_DataIn
    stm32f4xx_cryp_des.o(i.CRYP_DES_ECB) refers to stm32f4xx_cryp.o(i.CRYP_GetFlagStatus) for CRYP_GetFlagStatus
    stm32f4xx_cryp_des.o(i.CRYP_DES_ECB) refers to stm32f4xx_cryp.o(i.CRYP_DataOut) for CRYP_DataOut
    stm32f4xx_dac.o(i.DAC_DeInit) refers to stm32f4xx_rcc.o(i.RCC_APB1PeriphResetCmd) for RCC_APB1PeriphResetCmd
    stm32f4xx_dma2d.o(i.DMA2D_DeInit) refers to stm32f4xx_rcc.o(i.RCC_AHB1PeriphResetCmd) for RCC_AHB1PeriphResetCmd
    stm32f4xx_flash.o(i.FLASH_EraseAllBank1Sectors) refers to stm32f4xx_flash.o(i.FLASH_WaitForLastOperation) for FLASH_WaitForLastOperation
    stm32f4xx_flash.o(i.FLASH_EraseAllBank2Sectors) refers to stm32f4xx_flash.o(i.FLASH_WaitForLastOperation) for FLASH_WaitForLastOperation
    stm32f4xx_flash.o(i.FLASH_EraseAllSectors) refers to stm32f4xx_flash.o(i.FLASH_WaitForLastOperation) for FLASH_WaitForLastOperation
    stm32f4xx_flash.o(i.FLASH_EraseSector) refers to stm32f4xx_flash.o(i.FLASH_WaitForLastOperation) for FLASH_WaitForLastOperation
[...]
    Removing stm324x9i_eval.o(i.SD_LowLevel_DMA_TxConfig), (140 bytes).
    Removing stm324x9i_eval.o(i.SD_LowLevel_DeInit), (152 bytes).
    Removing stm324x9i_eval.o(i.SD_LowLevel_Init), (164 bytes).
    Removing stm324x9i_eval.o(i.STM_EVAL_LEDInit), (80 bytes).
    Removing stm324x9i_eval.o(i.STM_EVAL_LEDOff), (24 bytes).
    Removing stm324x9i_eval.o(i.STM_EVAL_LEDOn), (24 bytes).
    Removing stm324x9i_eval.o(i.STM_EVAL_LEDToggle), (28 bytes).
    Removing stm324x9i_eval.o(i.STM_EVAL_PBGetState), (24 bytes).
    Removing stm324x9i_eval.o(i.STM_EVAL_PBInit), (164 bytes).
    Removing usart.o(.rev16_text), (4 bytes).
    Removing usart.o(.revsh_text), (4 bytes).
    Removing usart.o(.rrx_text), (6 bytes).
    Removing usart.o(i.USART_Transmit), (36 bytes).
    Removing dcmi_ov2640.o(.rev16_text), (4 bytes).
    Removing dcmi_ov2640.o(.revsh_text), (4 bytes).
    Removing dcmi_ov2640.o(.rrx_text), (6 bytes).
    Removing dcmi_ov2640.o(i.DCMI_0V2640_PWDN_Init), (80 bytes).
    Removing dcmi_ov2640.o(.constdata), (10 bytes).
    Removing sccb.o(.rev16_text), (4 bytes).
    Removing sccb.o(.revsh_text), (4 bytes).
    Removing sccb.o(.rrx_text), (6 bytes).
    Removing 32f429_sdram.o(.rev16_text), (4 bytes).
    Removing 32f429_sdram.o(.revsh_text), (4 bytes).
    Removing 32f429_sdram.o(.rrx_text), (6 bytes).
    Removing 32f429_sdram.o(i.SDRAM_ReadBuffer), (46 bytes).
    Removing 32f429_sdram.o(i.SDRAM_WriteBuffer), (54 bytes).
    Removing 32f429_lcd.o(.rev16_text), (4 bytes).
    Removing 32f429_lcd.o(.revsh_text), (4 bytes).
    Removing 32f429_lcd.o(.rrx_text), (6 bytes).
    Removing 32f429_lcd.o(i.LCD_ChipSelect), (24 bytes).
    Removing 32f429_lcd.o(i.LCD_ClearLine), (56 bytes).
    Removing 32f429_lcd.o(i.LCD_ClosedPolyLine), (34 bytes).
    Removing 32f429_lcd.o(i.LCD_ClosedPolyLineRelative), (6 bytes).
    Removing 32f429_lcd.o(i.LCD_CtrlLinesConfig), (64 bytes).
    Removing 32f429_lcd.o(i.LCD_CtrlLinesWrite), (4 bytes).
    Removing 32f429_lcd.o(i.LCD_DeInit), (2 bytes).
    Removing 32f429_lcd.o(i.LCD_DrawCircle), (132 bytes).
    Removing 32f429_lcd.o(i.LCD_DrawEllipse), (464 bytes).
    Removing 32f429_lcd.o(i.LCD_DrawFullCircle), (152 bytes).
    Removing 32f429_lcd.o(i.LCD_DrawFullEllipse), (402 bytes).
    Removing 32f429_lcd.o(i.LCD_DrawFullRect), (124 bytes).
    Removing 32f429_lcd.o(i.LCD_DrawLine), (128 bytes).
    Removing 32f429_lcd.o(i.LCD_DrawMonoPict), (60 bytes).
    Removing 32f429_lcd.o(i.LCD_DrawRect), (64 bytes).
    Removing 32f429_lcd.o(i.LCD_DrawUniLine), (196 bytes).
    Removing 32f429_lcd.o(i.LCD_FillPolyLine), (276 bytes).
    Removing 32f429_lcd.o(i.LCD_FillTriangle), (188 bytes).
    Removing 32f429_lcd.o(i.LCD_GetColors), (16 bytes).
    Removing 32f429_lcd.o(i.LCD_PolyLine), (42 bytes).
    Removing 32f429_lcd.o(i.LCD_PolyLineRelative), (6 bytes).
    Removing 32f429_lcd.o(i.LCD_PolyLineRelativeClosed), (98 bytes).
    Removing 32f429_lcd.o(i.LCD_ReSetColorKeying), (44 bytes).
    Removing 32f429_lcd.o(i.LCD_SetColorKeying), (60 bytes).
    Removing 32f429_lcd.o(i.LCD_SetColors), (12 bytes).
    Removing 32f429_lcd.o(i.LCD_SetCursor), (28 bytes).
    Removing 32f429_lcd.o(i.LCD_SetDisplayWindow), (68 bytes).
    Removing 32f429_lcd.o(i.LCD_SetTransparency), (44 bytes).
    Removing 32f429_lcd.o(i.LCD_Triangle), (62 bytes).
    Removing 32f429_lcd.o(i.LCD_WindowModeDisable), (16 bytes).
    Removing 32f429_lcd.o(i.LCD_WriteBMP), (236 bytes).
    Removing 32f429_lcd.o(.constdata), (2304 bytes).
    Removing 32f429_lcd.o(.constdata), (1536 bytes).
    Removing 32f429_lcd.o(.data), (8 bytes).
    Removing 32f429_lcd.o(.data), (8 bytes).
    Removing i2c.o(.rev16_text), (4 bytes).
    Removing i2c.o(.revsh_text), (4 bytes).
    Removing i2c.o(.rrx_text), (6 bytes).
    Removing i2c.o(i.I2C_DeInit_), (60 bytes).
    Removing dcmi.o(.rev16_text), (4 bytes).
    Removing dcmi.o(.revsh_text), (4 bytes).
    Removing dcmi.o(.rrx_text), (6 bytes).
    Removing dcmi.o(i.Resolution_GetHeight), (62 bytes).
    Removing dcmi.o(i.Resolution_GetWidth), (64 bytes).
    Removing dadd.o(.text), (334 bytes).
    Removing dmul.o(.text), (228 bytes).
    Removing ddiv.o(.text), (222 bytes).
    Removing dfixul.o(.text), (48 bytes).
    Removing cdrcmple.o(.text), (48 bytes).
    Removing depilogue.o(.text), (186 bytes).

852 unused section(s) (total 36949 bytes) removed from the image.

==============================================================================

Image Symbol Table

    Local Symbols

    Symbol Name                              Value     Ov Type        Size  Object(Section)

    ../clib/microlib/division.c              0x00000000   Number         0  uidiv.o ABSOLUTE
    ../clib/microlib/division.c              0x00000000   Number         0  uldiv.o ABSOLUTE
    ../clib/microlib/init/entry.s            0x00000000   Number         0  entry9b.o ABSOLUTE
    ../clib/microlib/init/entry.s            0x00000000   Number         0  entry2.o ABSOLUTE
    ../clib/microlib/init/entry.s            0x00000000   Number         0  entry9a.o ABSOLUTE
    ../clib/microlib/init/entry.s            0x00000000   Number         0  entry11b.o ABSOLUTE
    ../clib/microlib/init/entry.s            0x00000000   Number         0  entry.o ABSOLUTE
    ../clib/microlib/init/entry.s            0x00000000   Number         0  entry10a.o ABSOLUTE
    ../clib/microlib/init/entry.s            0x00000000   Number         0  entry11a.o ABSOLUTE
    ../clib/microlib/init/entry.s            0x00000000   Number         0  entry8a.o ABSOLUTE
    ../clib/microlib/init/entry.s            0x00000000   Number         0  entry7b.o ABSOLUTE
    ../clib/microlib/init/entry.s            0x00000000   Number         0  entry7a.o ABSOLUTE
    ../clib/microlib/init/entry.s            0x00000000   Number         0  entry5.o ABSOLUTE
    ../clib/microlib/init/entry.s            0x00000000   Number         0  entry10b.o ABSOLUTE
    ../clib/microlib/init/entry.s            0x00000000   Number         0  entry8b.o ABSOLUTE
    ../clib/microlib/longlong.c              0x00000000   Number         0  llshl.o ABSOLUTE
    ../clib/microlib/longlong.c              0x00000000   Number         0  llushr.o ABSOLUTE
    ../clib/microlib/longlong.c              0x00000000   Number         0  llsshr.o ABSOLUTE
    ../clib/microlib/printf/printf.c         0x00000000   Number         0  printfa.o ABSOLUTE
    ../clib/microlib/printf/printf.c         0x00000000   Number         0  printf3.o ABSOLUTE
    ../clib/microlib/printf/printf.c         0x00000000   Number         0  printf7.o ABSOLUTE
    ../clib/microlib/printf/printf.c         0x00000000   Number         0  printf2.o ABSOLUTE
    ../clib/microlib/printf/printf.c         0x00000000   Number         0  printf5.o ABSOLUTE
    ../clib/microlib/printf/printf.c         0x00000000   Number         0  printf1.o ABSOLUTE
    ../clib/microlib/printf/printf.c         0x00000000   Number         0  printf0.o ABSOLUTE
    ../clib/microlib/printf/printf.c         0x00000000   Number         0  printfb.o ABSOLUTE
    ../clib/microlib/printf/printf.c         0x00000000   Number         0  printf4.o ABSOLUTE
    ../clib/microlib/printf/printf.c         0x00000000   Number         0  printf6.o ABSOLUTE
    ../clib/microlib/printf/printf.c         0x00000000   Number         0  printf8.o ABSOLUTE
    ../clib/microlib/printf/stubs.s          0x00000000   Number         0  stubs.o ABSOLUTE
    ../clib/microlib/stdio/streams.c         0x00000000   Number         0  stdout.o ABSOLUTE
    ../clib/microlib/stubs.s                 0x00000000   Number         0  iusefp.o ABSOLUTE
    ../fplib/microlib/fpadd.c                0x00000000   Number         0  dadd.o ABSOLUTE
    ../fplib/microlib/fpdiv.c                0x00000000   Number         0  ddiv.o ABSOLUTE
    ../fplib/microlib/fpepilogue.c           0x00000000   Number         0  depilogue.o ABSOLUTE
    ../fplib/microlib/fpfix.c                0x00000000   Number         0  dfixul.o ABSOLUTE
    ../fplib/microlib/fpmul.c                0x00000000   Number         0  dmul.o ABSOLUTE
    ..\..\..\Libraries\CMSIS\Device\ST\STM32F4xx\Source\Templates\arm\startup_stm32f429_439xx.s 0x00000000   Number         0  startup_stm32f429_439xx.o ABSOLUTE
    ..\..\..\Libraries\STM32F4xx_StdPeriph_Driver\src\misc.c 0x00000000   Number         0  misc.o ABSOLUTE
    ..\..\..\Libraries\STM32F4xx_StdPeriph_Driver\src\stm32f4xx_adc.c 0x00000000   Number         0  stm32f4xx_adc.o ABSOLUTE
    ..\..\..\Libraries\STM32F4xx_StdPeriph_Driver\src\stm32f4xx_can.c 0x00000000   Number         0  stm32f4xx_can.o ABSOLUTE
    ..\..\..\Libraries\STM32F4xx_StdPeriph_Driver\src\stm32f4xx_crc.c 0x00000000   Number         0  stm32f4xx_crc.o ABSOLUTE
    ..\..\..\Libraries\STM32F4xx_StdPeriph_Driver\src\stm32f4xx_cryp.c 0x00000000   Number         0  stm32f4xx_cryp.o ABSOLUTE
    ..\..\..\Libraries\STM32F4xx_StdPeriph_Driver\src\stm32f4xx_cryp_aes.c 0x00000000   Number         0  stm32f4xx_cryp_aes.o ABSOLUTE
    ..\..\..\Libraries\STM32F4xx_StdPeriph_Driver\src\stm32f4xx_cryp_des.c 0x00000000   Number         0  stm32f4xx_cryp_des.o ABSOLUTE
    ..\..\..\Libraries\STM32F4xx_StdPeriph_Driver\src\stm32f4xx_cryp_tdes.c 0x00000000   Number         0  stm32f4xx_cryp_tdes.o ABSOLUTE
    ..\..\..\Libraries\STM32F4xx_StdPeriph_Driver\src\stm32f4xx_dac.c 0x00000000   Number         0  stm32f4xx_dac.o ABSOLUTE
    ..\..\..\Libraries\STM32F4xx_StdPeriph_Driver\src\stm32f4xx_dbgmcu.c 0x00000000   Number         0  stm32f4xx_dbgmcu.o ABSOLUTE
    ..\..\..\Libraries\STM32F4xx_StdPeriph_Driver\src\stm32f4xx_dcmi.c 0x00000000   Number         0  stm32f4xx_dcmi.o ABSOLUTE
    ..\..\..\Libraries\STM32F4xx_StdPeriph_Driver\src\stm32f4xx_dma.c 0x00000000   Number         0  stm32f4xx_dma.o ABSOLUTE
    ..\..\..\Libraries\STM32F4xx_StdPeriph_Driver\src\stm32f4xx_dma2d.c 0x00000000   Number         0  stm32f4xx_dma2d.o ABSOLUTE
    ..\..\..\Libraries\STM32F4xx_StdPeriph_Driver\src\stm32f4xx_exti.c 0x00000000   Number         0  stm32f4xx_exti.o ABSOLUTE
    ..\..\..\Libraries\STM32F4xx_StdPeriph_Driver\src\stm32f4xx_flash.c 0x00000000   Number         0  stm32f4xx_flash.o ABSOLUTE
    ..\..\..\Libraries\STM32F4xx_StdPeriph_Driver\src\stm32f4xx_fmc.c 0x00000000   Number         0  stm32f4xx_fmc.o ABSOLUTE
    ..\..\..\Libraries\STM32F4xx_StdPeriph_Driver\src\stm32f4xx_gpio.c 0x00000000   Number         0  stm32f4xx_gpio.o ABSOLUTE
    ..\..\..\Libraries\STM32F4xx_StdPeriph_Driver\src\stm32f4xx_hash.c 0x00000000   Number         0  stm32f4xx_hash.o ABSOLUTE
    ..\..\..\Libraries\STM32F4xx_StdPeriph_Driver\src\stm32f4xx_hash_md5.c 0x00000000   Number         0  stm32f4xx_hash_md5.o ABSOLUTE
    ..\..\..\Libraries\STM32F4xx_StdPeriph_Driver\src\stm32f4xx_hash_sha1.c 0x00000000   Number         0  stm32f4xx_hash_sha1.o ABSOLUTE
    ..\..\..\Libraries\STM32F4xx_StdPeriph_Driver\src\stm32f4xx_i2c.c 0x00000000   Number         0  stm32f4xx_i2c.o ABSOLUTE
    ..\..\..\Libraries\STM32F4xx_StdPeriph_Driver\src\stm32f4xx_iwdg.c 0x00000000   Number         0  stm32f4xx_iwdg.o ABSOLUTE
    ..\..\..\Libraries\STM32F4xx_StdPeriph_Driver\src\stm32f4xx_ltdc.c 0x00000000   Number         0  stm32f4xx_ltdc.o ABSOLUTE
    ..\..\..\Libraries\STM32F4xx_StdPeriph_Driver\src\stm32f4xx_pwr.c 0x00000000   Number         0  stm32f4xx_pwr.o ABSOLUTE
    ..\..\..\Libraries\STM32F4xx_StdPeriph_Driver\src\stm32f4xx_rcc.c 0x00000000   Number         0  stm32f4xx_rcc.o ABSOLUTE
    ..\..\..\Libraries\STM32F4xx_StdPeriph_Driver\src\stm32f4xx_rng.c 0x00000000   Number         0  stm32f4xx_rng.o ABSOLUTE
    ..\..\..\Libraries\STM32F4xx_StdPeriph_Driver\src\stm32f4xx_rtc.c 0x00000000   Number         0  stm32f4xx_rtc.o ABSOLUTE
    ..\..\..\Libraries\STM32F4xx_StdPeriph_Driver\src\stm32f4xx_sai.c 0x00000000   Number         0  stm32f4xx_sai.o ABSOLUTE
    ..\..\..\Libraries\STM32F4xx_StdPeriph_Driver\src\stm32f4xx_sdio.c 0x00000000   Number         0  stm32f4xx_sdio.o ABSOLUTE
    ..\..\..\Libraries\STM32F4xx_StdPeriph_Driver\src\stm32f4xx_spi.c 0x00000000   Number         0  stm32f4xx_spi.o ABSOLUTE
    ..\..\..\Libraries\STM32F4xx_StdPeriph_Driver\src\stm32f4xx_syscfg.c 0x00000000   Number         0  stm32f4xx_syscfg.o ABSOLUTE
    ..\..\..\Libraries\STM32F4xx_StdPeriph_Driver\src\stm32f4xx_tim.c 0x00000000   Number         0  stm32f4xx_tim.o ABSOLUTE
    ..\..\..\Libraries\STM32F4xx_StdPeriph_Driver\src\stm32f4xx_usart.c 0x00000000   Number         0  stm32f4xx_usart.o ABSOLUTE
    ..\..\..\Libraries\STM32F4xx_StdPeriph_Driver\src\stm32f4xx_wwdg.c 0x00000000   Number         0  stm32f4xx_wwdg.o ABSOLUTE
    ..\..\..\Utilities\STM32_EVAL\STM324x9I_EVAL\stm324x9i_eval.c 0x00000000   Number         0  stm324x9i_eval.o ABSOLUTE
    ..\32f429_lcd.c                          0x00000000   Number         0  32f429_lcd.o ABSOLUTE
    ..\32f429_sdram.c                        0x00000000   Number         0  32f429_sdram.o ABSOLUTE
    ..\\..\\..\\Libraries\\STM32F4xx_StdPeriph_Driver\\src\\misc.c 0x00000000   Number         0  misc.o ABSOLUTE
    ..\\..\\..\\Libraries\\STM32F4xx_StdPeriph_Driver\\src\\stm32f4xx_adc.c 0x00000000   Number         0  stm32f4xx_adc.o ABSOLUTE
    ..\\..\\..\\Libraries\\STM32F4xx_StdPeriph_Driver\\src\\stm32f4xx_can.c 0x00000000   Number         0  stm32f4xx_can.o ABSOLUTE
    ..\\..\\..\\Libraries\\STM32F4xx_StdPeriph_Driver\\src\\stm32f4xx_crc.c 0x00000000   Number         0  stm32f4xx_crc.o ABSOLUTE
    ..\\..\\..\\Libraries\\STM32F4xx_StdPeriph_Driver\\src\\stm32f4xx_cryp.c 0x00000000   Number         0  stm32f4xx_cryp.o ABSOLUTE
    ..\\..\\..\\Libraries\\STM32F4xx_StdPeriph_Driver\\src\\stm32f4xx_cryp_aes.c 0x00000000   Number         0  stm32f4xx_cryp_aes.o ABSOLUTE
    ..\\..\\..\\Libraries\\STM32F4xx_StdPeriph_Driver\\src\\stm32f4xx_cryp_des.c 0x00000000   Number         0  stm32f4xx_cryp_des.o ABSOLUTE
    ..\\..\\..\\Libraries\\STM32F4xx_StdPeriph_Driver\\src\\stm32f4xx_cryp_tdes.c 0x00000000   Number         0  stm32f4xx_cryp_tdes.o ABSOLUTE
    ..\\..\\..\\Libraries\\STM32F4xx_StdPeriph_Driver\\src\\stm32f4xx_dac.c 0x00000000   Number         0  stm32f4xx_dac.o ABSOLUTE
    ..\\..\\..\\Libraries\\STM32F4xx_StdPeriph_Driver\\src\\stm32f4xx_dbgmcu.c 0x00000000   Number         0  stm32f4xx_dbgmcu.o ABSOLUTE
    ..\\..\\..\\Libraries\\STM32F4xx_StdPeriph_Driver\\src\\stm32f4xx_dcmi.c 0x00000000   Number         0  stm32f4xx_dcmi.o ABSOLUTE
    ..\\..\\..\\Libraries\\STM32F4xx_StdPeriph_Driver\\src\\stm32f4xx_dma.c 0x00000000   Number         0  stm32f4xx_dma.o ABSOLUTE
    ..\\..\\..\\Libraries\\STM32F4xx_StdPeriph_Driver\\src\\stm32f4xx_dma2d.c 0x00000000   Number         0  stm32f4xx_dma2d.o ABSOLUTE
    ..\\..\\..\\Libraries\\STM32F4xx_StdPeriph_Driver\\src\\stm32f4xx_exti.c 0x00000000   Number         0  stm32f4xx_exti.o ABSOLUTE
    ..\\..\\..\\Libraries\\STM32F4xx_StdPeriph_Driver\\src\\stm32f4xx_flash.c 0x00000000   Number         0  stm32f4xx_flash.o ABSOLUTE
    ..\\..\\..\\Libraries\\STM32F4xx_StdPeriph_Driver\\src\\stm32f4xx_fmc.c 0x00000000   Number         0  stm32f4xx_fmc.o ABSOLUTE
    ..\\..\\..\\Libraries\\STM32F4xx_StdPeriph_Driver\\src\\stm32f4xx_gpio.c 0x00000000   Number         0  stm32f4xx_gpio.o ABSOLUTE
    ..\\..\\..\\Libraries\\STM32F4xx_StdPeriph_Driver\\src\\stm32f4xx_hash.c 0x00000000   Number         0  stm32f4xx_hash.o ABSOLUTE
    ..\\..\\..\\Libraries\\STM32F4xx_StdPeriph_Driver\\src\\stm32f4xx_hash_md5.c 0x00000000   Number         0  stm32f4xx_hash_md5.o ABSOLUTE
    ..\\..\\..\\Libraries\\STM32F4xx_StdPeriph_Driver\\src\\stm32f4xx_hash_sha1.c 0x00000000   Number         0  stm32f4xx_hash_sha1.o ABSOLUTE
    ..\\..\\..\\Libraries\\STM32F4xx_StdPeriph_Driver\\src\\stm32f4xx_i2c.c 0x00000000   Number         0  stm32f4xx_i2c.o ABSOLUTE
    ..\\..\\..\\Libraries\\STM32F4xx_StdPeriph_Driver\\src\\stm32f4xx_iwdg.c 0x00000000   Number         0  stm32f4xx_iwdg.o ABSOLUTE
    ..\\..\\..\\Libraries\\STM32F4xx_StdPeriph_Driver\\src\\stm32f4xx_ltdc.c 0x00000000   Number         0  stm32f4xx_ltdc.o ABSOLUTE
    ..\\..\\..\\Libraries\\STM32F4xx_StdPeriph_Driver\\src\\stm32f4xx_pwr.c 0x00000000   Number         0  stm32f4xx_pwr.o ABSOLUTE
    ..\\..\\..\\Libraries\\STM32F4xx_StdPeriph_Driver\\src\\stm32f4xx_rcc.c 0x00000000   Number         0  stm32f4xx_rcc.o ABSOLUTE
    ..\\..\\..\\Libraries\\STM32F4xx_StdPeriph_Driver\\src\\stm32f4xx_rng.c 0x00000000   Number         0  stm32f4xx_rng.o ABSOLUTE
    ..\\..\\..\\Libraries\\STM32F4xx_StdPeriph_Driver\\src\\stm32f4xx_rtc.c 0x00000000   Number         0  stm32f4xx_rtc.o ABSOLUTE
    ..\\..\\..\\Libraries\\STM32F4xx_StdPeriph_Driver\\src\\stm32f4xx_sai.c 0x00000000   Number         0  stm32f4xx_sai.o ABSOLUTE
    ..\\..\\..\\Libraries\\STM32F4xx_StdPeriph_Driver\\src\\stm32f4xx_sdio.c 0x00000000   Number         0  stm32f4xx_sdio.o ABSOLUTE
    ..\\..\\..\\Libraries\\STM32F4xx_StdPeriph_Driver\\src\\stm32f4xx_spi.c 0x00000000   Number         0  stm32f4xx_spi.o ABSOLUTE
    ..\\..\\..\\Libraries\\STM32F4xx_StdPeriph_Driver\\src\\stm32f4xx_syscfg.c 0x00000000   Number         0  stm32f4xx_syscfg.o ABSOLUTE
    ..\\..\\..\\Libraries\\STM32F4xx_StdPeriph_Driver\\src\\stm32f4xx_tim.c 0x00000000   Number         0  stm32f4xx_tim.o ABSOLUTE
    ..\\..\\..\\Libraries\\STM32F4xx_StdPeriph_Driver\\src\\stm32f4xx_usart.c 0x00000000   Number         0  stm32f4xx_usart.o ABSOLUTE
    ..\\..\\..\\Libraries\\STM32F4xx_StdPeriph_Driver\\src\\stm32f4xx_wwdg.c 0x00000000   Number         0  stm32f4xx_wwdg.o ABSOLUTE
    ..\\..\\..\\Utilities\\STM32_EVAL\\STM324x9I_EVAL\\stm324x9i_eval.c 0x00000000   Number         0  stm324x9i_eval.o ABSOLUTE
    ..\\32f429_lcd.c                         0x00000000   Number         0  32f429_lcd.o ABSOLUTE
    ..\\32f429_sdram.c                       0x00000000   Number         0  32f429_sdram.o ABSOLUTE
    ..\\camera\\SCCB.C                       0x00000000   Number         0  sccb.o ABSOLUTE
    ..\\camera\\dcmi_OV2640.c                0x00000000   Number         0  dcmi_ov2640.o ABSOLUTE
    ..\\dcmi.c                               0x00000000   Number         0  dcmi.o ABSOLUTE
    ..\\i2c.c                                0x00000000   Number         0  i2c.o ABSOLUTE
    ..\\main.c                               0x00000000   Number         0  main.o ABSOLUTE
    ..\\stm32f4xx_it.c                       0x00000000   Number         0  stm32f4xx_it.o ABSOLUTE
    ..\\system_stm32f4xx.c                   0x00000000   Number         0  system_stm32f4xx.o ABSOLUTE
    ..\\usart.c                              0x00000000   Number         0  usart.o ABSOLUTE
    ..\camera\SCCB.C                         0x00000000   Number         0  sccb.o ABSOLUTE
    ..\camera\dcmi_OV2640.c                  0x00000000   Number         0  dcmi_ov2640.o ABSOLUTE
    ..\dcmi.c                                0x00000000   Number         0  dcmi.o ABSOLUTE
    ..\i2c.c                                 0x00000000   Number         0  i2c.o ABSOLUTE
    ..\main.c                                0x00000000   Number         0  main.o ABSOLUTE
    ..\stm32f4xx_it.c                        0x00000000   Number         0  stm32f4xx_it.o ABSOLUTE
    ..\system_stm32f4xx.c                    0x00000000   Number         0  system_stm32f4xx.o ABSOLUTE
    ..\usart.c                               0x00000000   Number         0  usart.o ABSOLUTE
    cdrcmple.s                               0x00000000   Number         0  cdrcmple.o ABSOLUTE
    dc.s                                     0x00000000   Number         0  dc.o ABSOLUTE
    handlers.s                               0x00000000   Number         0  handlers.o ABSOLUTE
    init.s                                   0x00000000   Number         0  init.o ABSOLUTE
    RESET                                    0x08000000   Section      428  startup_stm32f429_439xx.o(RESET)
    .ARM.Collect$$$$00000000                 0x080001ac   Section        0  entry.o(.ARM.Collect$$$$00000000)
    .ARM.Collect$$$$00000001                 0x080001ac   Section        4  entry2.o(.ARM.Collect$$$$00000001)
    .ARM.Collect$$$$00000004                 0x080001b0   Section        4  entry5.o(.ARM.Collect$$$$00000004)
    .ARM.Collect$$$$00000008                 0x080001b4   Section        0  entry7b.o(.ARM.Collect$$$$00000008)
    .ARM.Collect$$$$0000000A                 0x080001b4   Section        0  entry8b.o(.ARM.Collect$$$$0000000A)
    .ARM.Collect$$$$0000000B                 0x080001b4   Section        8  entry9a.o(.ARM.Collect$$$$0000000B)
    .ARM.Collect$$$$0000000D                 0x080001bc   Section        0  entry10a.o(.ARM.Collect$$$$0000000D)
    .ARM.Collect$$$$0000000F                 0x080001bc   Section        0  entry11a.o(.ARM.Collect$$$$0000000F)
    .ARM.Collect$$$$00002712                 0x080001bc   Section        4  entry2.o(.ARM.Collect$$$$00002712)
    __lit__00000000                          0x080001bc   Data           4  entry2.o(.ARM.Collect$$$$00002712)
    .text                                    0x080001c0   Section       36  startup_stm32f429_439xx.o(.text)
    $v0                                      0x080001c0   Number         0  startup_stm32f429_439xx.o(.text)
    .text                                    0x080001e4   Section        0  uldiv.o(.text)
    .text                                    0x08000248   Section       36  init.o(.text)
    .text                                    0x0800026c   Section        0  llshl.o(.text)
    .text                                    0x0800028a   Section        0  llushr.o(.text)
    i.BusFault_Handler                       0x080002aa   Section        0  stm32f4xx_it.o(i.BusFault_Handler)
    i.DCMI_CaptureCmd                        0x080002ac   Section        0  stm32f4xx_dcmi.o(i.DCMI_CaptureCmd)
    i.DCMI_ClearFlag                         0x080002c8   Section        0  stm32f4xx_dcmi.o(i.DCMI_ClearFlag)
    i.DCMI_ClearITPendingBit                 0x080002d4   Section        0  stm32f4xx_dcmi.o(i.DCMI_ClearITPendingBit)
    i.DCMI_Cmd                               0x080002e0   Section        0  stm32f4xx_dcmi.o(i.DCMI_Cmd)
    i.DCMI_DMA_Init                          0x080002fc   Section        0  dcmi.o(i.DCMI_DMA_Init)
    i.DCMI_GPIO_Init                         0x080003b0   Section        0  dcmi.o(i.DCMI_GPIO_Init)
    i.DCMI_GetITStatus                       0x08000530   Section        0  stm32f4xx_dcmi.o(i.DCMI_GetITStatus)
    i.DCMI_IRQHandler                        0x08000544   Section        0  stm32f4xx_it.o(i.DCMI_IRQHandler)
    i.DCMI_ITConfig                          0x080005a4   Section        0  stm32f4xx_dcmi.o(i.DCMI_ITConfig)
    i.DCMI_Init                              0x080005c0   Section        0  stm32f4xx_dcmi.o(i.DCMI_Init)
    i.DCMI_JPEGCmd                           0x080005fc   Section        0  stm32f4xx_dcmi.o(i.DCMI_JPEGCmd)
    i.DCMI_OV2640_ReadID                     0x08000618   Section        0  dcmi_ov2640.o(i.DCMI_OV2640_ReadID)
    i.DCMI_SingleRandomRead                  0x0800066c   Section        0  sccb.o(i.DCMI_SingleRandomRead)
    i.DCMI_SingleRandomWrite                 0x0800069c   Section        0  sccb.o(i.DCMI_SingleRandomWrite)
    i.DMA2_Stream1_IRQHandler                0x080006c0   Section        0  stm32f4xx_it.o(i.DMA2_Stream1_IRQHandler)
    i.DMA_ClearITPendingBit                  0x0800075c   Section        0  stm32f4xx_dma.o(i.DMA_ClearITPendingBit)
    i.DMA_Cmd                                0x08000788   Section        0  stm32f4xx_dma.o(i.DMA_Cmd)
    i.DMA_DeInit                             0x0800079c   Section        0  stm32f4xx_dma.o(i.DMA_DeInit)
    i.DMA_DoubleBufferModeCmd                0x080008c0   Section        0  stm32f4xx_dma.o(i.DMA_DoubleBufferModeCmd)
    i.DMA_DoubleBufferModeConfig             0x080008d4   Section        0  stm32f4xx_dma.o(i.DMA_DoubleBufferModeConfig)
    i.DMA_GetCurrentMemoryTarget             0x080008ea   Section        0  stm32f4xx_dma.o(i.DMA_GetCurrentMemoryTarget)
    i.DMA_GetITStatus                        0x080008f8   Section        0  stm32f4xx_dma.o(i.DMA_GetITStatus)
    i.DMA_ITConfig                           0x0800094c   Section        0  stm32f4xx_dma.o(i.DMA_ITConfig)
    i.DMA_Init                               0x08000978   Section        0  stm32f4xx_dma.o(i.DMA_Init)
    i.DMA_MemoryTargetConfig                 0x080009cc   Section        0  stm32f4xx_dma.o(i.DMA_MemoryTargetConfig)
    i.DebugMon_Handler                       0x080009d6   Section        0  stm32f4xx_it.o(i.DebugMon_Handler)
    i.Delay                                  0x080009d8   Section        0  main.o(i.Delay)
    i.Delay_ms                               0x080009ec   Section        0  dcmi_ov2640.o(i.Delay_ms)
    Delay_ms                                 0x080009ed   Thumb Code    18  dcmi_ov2640.o(i.Delay_ms)
    i.FMC_GetFlagStatus                      0x080009fe   Section        0  stm32f4xx_fmc.o(i.FMC_GetFlagStatus)
    i.FMC_SDRAMCmdConfig                     0x08000a34   Section        0  stm32f4xx_fmc.o(i.FMC_SDRAMCmdConfig)
    i.FMC_SDRAMInit                          0x08000a58   Section        0  stm32f4xx_fmc.o(i.FMC_SDRAMInit)
    i.FMC_SetRefreshCount                    0x08000b78   Section        0  stm32f4xx_fmc.o(i.FMC_SetRefreshCount)
    i.GPIO_Init                              0x08000b8a   Section        0  stm32f4xx_gpio.o(i.GPIO_Init)
    i.GPIO_PinAFConfig                       0x08000c2c   Section        0  stm32f4xx_gpio.o(i.GPIO_PinAFConfig)
    i.GPIO_StructInit                        0x08000c4c   Section        0  stm32f4xx_gpio.o(i.GPIO_StructInit)
    i.HardFault_Handler                      0x08000c5e   Section        0  stm32f4xx_it.o(i.HardFault_Handler)
    i.I2C_AcknowledgeConfig                  0x08000c60   Section        0  stm32f4xx_i2c.o(i.I2C_AcknowledgeConfig)
    i.I2C_CheckEvent                         0x08000c74   Section        0  stm32f4xx_i2c.o(i.I2C_CheckEvent)
    i.I2C_Cmd                                0x08000c8c   Section        0  stm32f4xx_i2c.o(i.I2C_Cmd)
    i.I2C_DeInit                             0x08000ca0   Section        0  stm32f4xx_i2c.o(i.I2C_DeInit)
    i.I2C_GenerateSTART                      0x08000ce4   Section        0  stm32f4xx_i2c.o(i.I2C_GenerateSTART)
    i.I2C_GenerateSTOP                       0x08000cf8   Section        0  stm32f4xx_i2c.o(i.I2C_GenerateSTOP)
    i.I2C_GetFlagStatus                      0x08000d0c   Section        0  stm32f4xx_i2c.o(i.I2C_GetFlagStatus)
    i.I2C_Init                               0x08000d38   Section        0  stm32f4xx_i2c.o(i.I2C_Init)
    i.I2C_Init_                              0x08000df0   Section        0  i2c.o(i.I2C_Init_)
    i.I2C_Read                               0x08000edc   Section        0  i2c.o(i.I2C_Read)
    i.I2C_ReceiveData                        0x080010a0   Section        0  stm32f4xx_i2c.o(i.I2C_ReceiveData)
    i.I2C_Send7bitAddress                    0x080010a6   Section        0  stm32f4xx_i2c.o(i.I2C_Send7bitAddress)
    i.I2C_SendData                           0x080010b6   Section        0  stm32f4xx_i2c.o(i.I2C_SendData)
    i.I2C_StructInit                         0x080010ba   Section        0  stm32f4xx_i2c.o(i.I2C_StructInit)
    i.I2C_Write                              0x080010d8   Section        0  i2c.o(i.I2C_Write)
    i.LCD_AF_GPIOConfig                      0x080011d4   Section        0  32f429_lcd.o(i.LCD_AF_GPIOConfig)
    LCD_AF_GPIOConfig                        0x080011d5   Thumb Code   420  32f429_lcd.o(i.LCD_AF_GPIOConfig)
    i.LCD_Clear                              0x08001394   Section        0  32f429_lcd.o(i.LCD_Clear)
    i.LCD_DisplayChar                        0x080013b0   Section        0  32f429_lcd.o(i.LCD_DisplayChar)
    i.LCD_DisplayStringLine                  0x080013d0   Section        0  32f429_lcd.o(i.LCD_DisplayStringLine)
    i.LCD_DrawChar                           0x08001414   Section        0  32f429_lcd.o(i.LCD_DrawChar)
    i.LCD_GetFont                            0x080014a0   Section        0  32f429_lcd.o(i.LCD_GetFont)
    i.LCD_Init                               0x080014ac   Section        0  32f429_lcd.o(i.LCD_Init)
    i.LCD_LayerInit                          0x0800152c   Section        0  32f429_lcd.o(i.LCD_LayerInit)
    i.LCD_SetBackColor                       0x080015e0   Section        0  32f429_lcd.o(i.LCD_SetBackColor)
    i.LCD_SetFont                            0x080015ec   Section        0  32f429_lcd.o(i.LCD_SetFont)
    i.LCD_SetLayer                           0x080015f8   Section        0  32f429_lcd.o(i.LCD_SetLayer)
    i.LCD_SetTextColor                       0x08001618   Section        0  32f429_lcd.o(i.LCD_SetTextColor)
    i.LTDC_Cmd                               0x08001624   Section        0  stm32f4xx_ltdc.o(i.LTDC_Cmd)
    i.LTDC_DitherCmd                         0x08001640   Section        0  stm32f4xx_ltdc.o(i.LTDC_DitherCmd)
    i.LTDC_Init                              0x0800165c   Section        0  stm32f4xx_ltdc.o(i.LTDC_Init)
    i.LTDC_LayerCmd                          0x08001704   Section        0  stm32f4xx_ltdc.o(i.LTDC_LayerCmd)
    i.LTDC_LayerInit                         0x08001718   Section        0  stm32f4xx_ltdc.o(i.LTDC_LayerInit)
    i.LTDC_ReloadConfig                      0x080017b0   Section        0  stm32f4xx_ltdc.o(i.LTDC_ReloadConfig)
    i.MCO1_Init                              0x080017bc   Section        0  dcmi_ov2640.o(i.MCO1_Init)
    i.MemManage_Handler                      0x08001800   Section        0  stm32f4xx_it.o(i.MemManage_Handler)
    i.NMI_Handler                            0x08001802   Section        0  stm32f4xx_it.o(i.NMI_Handler)
    i.NVIC_Init                              0x08001804   Section        0  misc.o(i.NVIC_Init)
    i.NVIC_PriorityGroupConfig               0x08001868   Section        0  misc.o(i.NVIC_PriorityGroupConfig)
    i.OV2640_AutoExposure                    0x0800187c   Section        0  dcmi_ov2640.o(i.OV2640_AutoExposure)
    i.OV2640_BrightnessConfig                0x080018ac   Section        0  dcmi_ov2640.o(i.OV2640_BrightnessConfig)
    i.OV2640_Config                          0x080018e4   Section        0  dcmi_ov2640.o(i.OV2640_Config)
    i.OV2640_Init                            0x08001a6c   Section        0  dcmi_ov2640.o(i.OV2640_Init)
    i.OV2640_Reset                           0x08001a92   Section        0  dcmi_ov2640.o(i.OV2640_Reset)
    i.PendSV_Handler                         0x08001aa8   Section        0  stm32f4xx_it.o(i.PendSV_Handler)
    i.RCC_AHB1PeriphClockCmd                 0x08001aac   Section        0  stm32f4xx_rcc.o(i.RCC_AHB1PeriphClockCmd)
    i.RCC_AHB2PeriphClockCmd                 0x08001ac4   Section        0  stm32f4xx_rcc.o(i.RCC_AHB2PeriphClockCmd)
    i.RCC_AHB3PeriphClockCmd                 0x08001adc   Section        0  stm32f4xx_rcc.o(i.RCC_AHB3PeriphClockCmd)
    i.RCC_APB1PeriphClockCmd                 0x08001af4   Section        0  stm32f4xx_rcc.o(i.RCC_APB1PeriphClockCmd)
    i.RCC_APB1PeriphResetCmd                 0x08001b0c   Section        0  stm32f4xx_rcc.o(i.RCC_APB1PeriphResetCmd)
    i.RCC_APB2PeriphClockCmd                 0x08001b24   Section        0  stm32f4xx_rcc.o(i.RCC_APB2PeriphClockCmd)
    i.RCC_ClockSecuritySystemCmd             0x08001b3c   Section        0  stm32f4xx_rcc.o(i.RCC_ClockSecuritySystemCmd)
    i.RCC_GetClocksFreq                      0x08001b48   Section        0  stm32f4xx_rcc.o(i.RCC_GetClocksFreq)
    i.RCC_GetFlagStatus                      0x08001bdc   Section        0  stm32f4xx_rcc.o(i.RCC_GetFlagStatus)
    i.RCC_LTDCCLKDivConfig                   0x08001c10   Section        0  stm32f4xx_rcc.o(i.RCC_LTDCCLKDivConfig)
    i.RCC_PLLSAICmd                          0x08001c24   Section        0  stm32f4xx_rcc.o(i.RCC_PLLSAICmd)
    i.RCC_PLLSAIConfig                       0x08001c30   Section        0  stm32f4xx_rcc.o(i.RCC_PLLSAIConfig)
    i.Resolution_GetBufSize                  0x08001c44   Section        0  dcmi.o(i.Resolution_GetBufSize)
    i.SCCB_GPIO_Init                         0x08001c8c   Section        0  sccb.o(i.SCCB_GPIO_Init)
    i.SCCB_WriteRegs                         0x08001c98   Section        0  dcmi_ov2640.o(i.SCCB_WriteRegs)
    i.SDRAM_GPIOConfig                       0x08001cb4   Section        0  32f429_sdram.o(i.SDRAM_GPIOConfig)
    i.SDRAM_Init                             0x08001eb4   Section        0  32f429_sdram.o(i.SDRAM_Init)
    i.SDRAM_InitSequence                     0x08001f10   Section        0  32f429_sdram.o(i.SDRAM_InitSequence)
    i.STM_EVAL_COMInit                       0x08001fc4   Section        0  stm324x9i_eval.o(i.STM_EVAL_COMInit)
    i.SVC_Handler                            0x08002084   Section        0  stm32f4xx_it.o(i.SVC_Handler)
    i.SetSysClock                            0x08002088   Section        0  system_stm32f4xx.o(i.SetSysClock)
    SetSysClock                              0x08002089   Thumb Code   190  system_stm32f4xx.o(i.SetSysClock)
    i.SysTick_Handler                        0x08002158   Section        0  stm32f4xx_it.o(i.SysTick_Handler)
    i.SystemInit                             0x0800215c   Section        0  system_stm32f4xx.o(i.SystemInit)
    i.TimingDelay_Decrement                  0x080021b8   Section        0  main.o(i.TimingDelay_Decrement)
    i.USART_Cmd                              0x080021d0   Section        0  stm32f4xx_usart.o(i.USART_Cmd)
    i.USART_Config                           0x080021e4   Section        0  usart.o(i.USART_Config)
    i.USART_GetFlagStatus                    0x08002212   Section        0  stm32f4xx_usart.o(i.USART_GetFlagStatus)
    i.USART_Init                             0x08002220   Section        0  stm32f4xx_usart.o(i.USART_Init)
    i.USART_SendData                         0x080022cc   Section        0  stm32f4xx_usart.o(i.USART_SendData)
    i.UsageFault_Handler                     0x080022d4   Section        0  stm32f4xx_it.o(i.UsageFault_Handler)
    i.__0printf$8                            0x080022d8   Section        0  printf8.o(i.__0printf$8)
    i.__0sprintf$8                           0x080022f8   Section        0  printf8.o(i.__0sprintf$8)
    i.__scatterload_copy                     0x08002320   Section       14  handlers.o(i.__scatterload_copy)
    i.__scatterload_null                     0x0800232e   Section        2  handlers.o(i.__scatterload_null)
    i.__scatterload_zeroinit                 0x08002330   Section       14  handlers.o(i.__scatterload_zeroinit)
    i._printf_core                           0x08002340   Section        0  printf8.o(i._printf_core)
    _printf_core                             0x08002341   Thumb Code   996  printf8.o(i._printf_core)
    i._printf_post_padding                   0x08002750   Section        0  printf8.o(i._printf_post_padding)
    _printf_post_padding                     0x08002751   Thumb Code    36  printf8.o(i._printf_post_padding)
    i._printf_pre_padding                    0x08002774   Section        0  printf8.o(i._printf_pre_padding)
    _printf_pre_padding                      0x08002775   Thumb Code    46  printf8.o(i._printf_pre_padding)
    i._sputc                                 0x080027a2   Section        0  printf8.o(i._sputc)
    _sputc                                   0x080027a3   Thumb Code    10  printf8.o(i._sputc)
    i.fputc                                  0x080027ac   Section        0  usart.o(i.fputc)
    i.main                                   0x080027d0   Section        0  main.o(i.main)
    .constdata                               0x08002cc8   Section       92  stm324x9i_eval.o(.constdata)
    .constdata                               0x08002d24   Section      747  dcmi_ov2640.o(.constdata)
    OV2640_AUTOEXPOSURE_LEVEL0               0x08002fc4   Data          15  dcmi_ov2640.o(.constdata)
    OV2640_AUTOEXPOSURE_LEVEL1               0x08002fd3   Data          15  dcmi_ov2640.o(.constdata)
    OV2640_AUTOEXPOSURE_LEVEL2               0x08002fe2   Data          15  dcmi_ov2640.o(.constdata)
    OV2640_AUTOEXPOSURE_LEVEL3               0x08002ff1   Data          15  dcmi_ov2640.o(.constdata)
    OV2640_AUTOEXPOSURE_LEVEL4               0x08003000   Data          15  dcmi_ov2640.o(.constdata)
    .constdata                               0x08003010   Section     4560  32f429_lcd.o(.constdata)
    .constdata                               0x080041e0   Section     2304  32f429_lcd.o(.constdata)
    .data                                    0x20000000   Section       20  system_stm32f4xx.o(.data)
    .data                                    0x20000014   Section       16  stm32f4xx_rcc.o(.data)
    APBAHBPrescTable                         0x20000014   Data          16  stm32f4xx_rcc.o(.data)
    .data                                    0x20000024   Section       16  main.o(.data)
    TimingDelay                              0x20000030   Data           4  main.o(.data)
    .data                                    0x20000034   Section        2  main.o(.data)
    .data                                    0x20000036   Section        1  main.o(.data)
    .data                                    0x20000038   Section       40  stm324x9i_eval.o(.data)
    .data                                    0x20000060   Section       24  32f429_lcd.o(.data)
    CurrentTextColor                         0x20000060   Data           2  32f429_lcd.o(.data)
    CurrentBackColor                         0x20000062   Data           2  32f429_lcd.o(.data)
    CurrentFrameBuffer                       0x20000064   Data           4  32f429_lcd.o(.data)
    CurrentLayer                             0x20000068   Data           4  32f429_lcd.o(.data)
    LCD_Currentfonts                         0x2000006c   Data           4  32f429_lcd.o(.data)
    .data                                    0x20000078   Section        8  32f429_lcd.o(.data)
    .data                                    0x20000080   Section        4  stdout.o(.data)
    STACK                                    0x20000088   Section     1024  startup_stm32f429_439xx.o(STACK)

    Global Symbols

    Symbol Name                              Value     Ov Type        Size  Object(Section)

    BuildAttributes$$THM_ISAv4$E$P$D$K$B$S$7EM$VFPi3$EXTD16$VFPS$VFMA$PE$A:L22UL41UL21$X:L11$S22US41US21$IEEE1$IW$USESV6$~STKCKD$USESV7$~SHL$OSPACE$ROPI$EBA8$MICROLIB$REQ8$PRES8$EABIv2 0x00000000   Number         0  anon$$obj.o ABSOLUTE
    __ARM_use_no_argv                        0x00000000   Number         0  main.o ABSOLUTE
    _printf_a                                0x00000000   Number         0  stubs.o ABSOLUTE
    _printf_c                                0x00000000   Number         0  stubs.o ABSOLUTE
    _printf_charcount                        0x00000000   Number         0  stubs.o ABSOLUTE
    _printf_d                                0x00000000   Number         0  stubs.o ABSOLUTE
    _printf_e                                0x00000000   Number         0  stubs.o ABSOLUTE
    _printf_f                                0x00000000   Number         0  stubs.o ABSOLUTE
    _printf_flags                            0x00000000   Number         0  stubs.o ABSOLUTE
    _printf_fp_dec                           0x00000000   Number         0  stubs.o ABSOLUTE
    _printf_fp_hex                           0x00000000   Number         0  stubs.o ABSOLUTE
    _printf_g                                0x00000000   Number         0  stubs.o ABSOLUTE
    _printf_i                                0x00000000   Number         0  stubs.o ABSOLUTE
    _printf_int_dec                          0x00000000   Number         0  stubs.o ABSOLUTE
    _printf_l                                0x00000000   Number         0  stubs.o ABSOLUTE
    _printf_lc                               0x00000000   Number         0  stubs.o ABSOLUTE
    _printf_ll                               0x00000000   Number         0  stubs.o ABSOLUTE
    _printf_lld                              0x00000000   Number         0  stubs.o ABSOLUTE
    _printf_lli                              0x00000000   Number         0  stubs.o ABSOLUTE
    _printf_llo                              0x00000000   Number         0  stubs.o ABSOLUTE
    _printf_llu                              0x00000000   Number         0  stubs.o ABSOLUTE
    _printf_llx                              0x00000000   Number         0  stubs.o ABSOLUTE
    _printf_longlong_dec                     0x00000000   Number         0  stubs.o ABSOLUTE
    _printf_longlong_hex                     0x00000000   Number         0  stubs.o ABSOLUTE
    _printf_longlong_oct                     0x00000000   Number         0  stubs.o ABSOLUTE
    _printf_ls                               0x00000000   Number         0  stubs.o ABSOLUTE
    _printf_mbtowc                           0x00000000   Number         0  stubs.o ABSOLUTE
    _printf_n                                0x00000000   Number         0  stubs.o ABSOLUTE
    _printf_o                                0x00000000   Number         0  stubs.o ABSOLUTE
    _printf_p                                0x00000000   Number         0  stubs.o ABSOLUTE
    _printf_percent                          0x00000000   Number         0  stubs.o ABSOLUTE
    _printf_pre_padding                      0x00000000   Number         0  stubs.o ABSOLUTE
    _printf_return_value                     0x00000000   Number         0  stubs.o ABSOLUTE
    _printf_s                                0x00000000   Number         0  stubs.o ABSOLUTE
    _printf_sizespec                         0x00000000   Number         0  stubs.o ABSOLUTE
    _printf_str                              0x00000000   Number         0  stubs.o ABSOLUTE
    _printf_truncate_signed                  0x00000000   Number         0  stubs.o ABSOLUTE
    _printf_truncate_unsigned                0x00000000   Number         0  stubs.o ABSOLUTE
    _printf_u                                0x00000000   Number         0  stubs.o ABSOLUTE
    _printf_wc                               0x00000000   Number         0  stubs.o ABSOLUTE
    _printf_wctomb                           0x00000000   Number         0  stubs.o ABSOLUTE
    _printf_widthprec                        0x00000000   Number         0  stubs.o ABSOLUTE
    _printf_x                                0x00000000   Number         0  stubs.o ABSOLUTE
    __cpp_initialize__aeabi_                  - Undefined Weak Reference
    __cxa_finalize                            - Undefined Weak Reference
    __decompress                              - Undefined Weak Reference
    _clock_init                               - Undefined Weak Reference
    _microlib_exit                            - Undefined Weak Reference
    __Vectors_Size                           0x000001ac   Number         0  startup_stm32f429_439xx.o ABSOLUTE
    __Vectors                                0x08000000   Data           4  startup_stm32f429_439xx.o(RESET)
    __Vectors_End                            0x080001ac   Data           0  startup_stm32f429_439xx.o(RESET)
    __main                                   0x080001ad   Thumb Code     0  entry.o(.ARM.Collect$$$$00000000)
    _main_stk                                0x080001ad   Thumb Code     0  entry2.o(.ARM.Collect$$$$00000001)
    _main_scatterload                        0x080001b1   Thumb Code     0  entry5.o(.ARM.Collect$$$$00000004)
    __main_after_scatterload                 0x080001b5   Thumb Code     0  entry5.o(.ARM.Collect$$$$00000004)
    _main_clock                              0x080001b5   Thumb Code     0  entry7b.o(.ARM.Collect$$$$00000008)
    _main_cpp_init                           0x080001b5   Thumb Code     0  entry8b.o(.ARM.Collect$$$$0000000A)
    _main_init                               0x080001b5   Thumb Code     0  entry9a.o(.ARM.Collect$$$$0000000B)
    __rt_final_cpp                           0x080001bd   Thumb Code     0  entry10a.o(.ARM.Collect$$$$0000000D)
    __rt_final_exit                          0x080001bd   Thumb Code     0  entry11a.o(.ARM.Collect$$$$0000000F)
    Reset_Handler                            0x080001c1   Thumb Code     8  startup_stm32f429_439xx.o(.text)
    ADC_IRQHandler                           0x080001db   Thumb Code     0  startup_stm32f429_439xx.o(.text)
    CAN1_RX0_IRQHandler                      0x080001db   Thumb Code     0  startup_stm32f429_439xx.o(.text)
    CAN1_RX1_IRQHandler                      0x080001db   Thumb Code     0  startup_stm32f429_439xx.o(.text)
    CAN1_SCE_IRQHandler                      0x080001db   Thumb Code     0  startup_stm32f429_439xx.o(.text)
    CAN1_TX_IRQHandler                       0x080001db   Thumb Code     0  startup_stm32f429_439xx.o(.text)
    CAN2_RX0_IRQHandler                      0x080001db   Thumb Code     0  startup_stm32f429_439xx.o(.text)
    CAN2_RX1_IRQHandler                      0x080001db   Thumb Code     0  startup_stm32f429_439xx.o(.text)
    CAN2_SCE_IRQHandler                      0x080001db   Thumb Code     0  startup_stm32f429_439xx.o(.text)
    CAN2_TX_IRQHandler                       0x080001db   Thumb Code     0  startup_stm32f429_439xx.o(.text)
    CRYP_IRQHandler                          0x080001db   Thumb Code     0  startup_stm32f429_439xx.o(.text)
    DMA1_Stream0_IRQHandler                  0x080001db   Thumb Code     0  startup_stm32f429_439xx.o(.text)
    DMA1_Stream1_IRQHandler                  0x080001db   Thumb Code     0  startup_stm32f429_439xx.o(.text)
    DMA1_Stream2_IRQHandler                  0x080001db   Thumb Code     0  startup_stm32f429_439xx.o(.text)
    DMA1_Stream3_IRQHandler                  0x080001db   Thumb Code     0  startup_stm32f429_439xx.o(.text)
    DMA1_Stream4_IRQHandler                  0x080001db   Thumb Code     0  startup_stm32f429_439xx.o(.text)
    DMA1_Stream5_IRQHandler                  0x080001db   Thumb Code     0  startup_stm32f429_439xx.o(.text)
    DMA1_Stream6_IRQHandler                  0x080001db   Thumb Code     0  startup_stm32f429_439xx.o(.text)
    DMA1_Stream7_IRQHandler                  0x080001db   Thumb Code     0  startup_stm32f429_439xx.o(.text)
    DMA2D_IRQHandler                         0x080001db   Thumb Code     0  startup_stm32f429_439xx.o(.text)
    DMA2_Stream0_IRQHandler                  0x080001db   Thumb Code     0  startup_stm32f429_439xx.o(.text)
    DMA2_Stream2_IRQHandler                  0x080001db   Thumb Code     0  startup_stm32f429_439xx.o(.text)
    DMA2_Stream3_IRQHandler                  0x080001db   Thumb Code     0  startup_stm32f429_439xx.o(.text)
    DMA2_Stream4_IRQHandler                  0x080001db   Thumb Code     0  startup_stm32f429_439xx.o(.text)
    DMA2_Stream5_IRQHandler                  0x080001db   Thumb Code     0  startup_stm32f429_439xx.o(.text)
    DMA2_Stream6_IRQHandler                  0x080001db   Thumb Code     0  startup_stm32f429_439xx.o(.text)
    DMA2_Stream7_IRQHandler                  0x080001db   Thumb Code     0  startup_stm32f429_439xx.o(.text)
    ETH_IRQHandler                           0x080001db   Thumb Code     0  startup_stm32f429_439xx.o(.text)
    ETH_WKUP_IRQHandler                      0x080001db   Thumb Code     0  startup_stm32f429_439xx.o(.text)
    EXTI0_IRQHandler                         0x080001db   Thumb Code     0  startup_stm32f429_439xx.o(.text)
    EXTI15_10_IRQHandler                     0x080001db   Thumb Code     0  startup_stm32f429_439xx.o(.text)
    EXTI1_IRQHandler                         0x080001db   Thumb Code     0  startup_stm32f429_439xx.o(.text)
    EXTI2_IRQHandler                         0x080001db   Thumb Code     0  startup_stm32f429_439xx.o(.text)
    EXTI3_IRQHandler                         0x080001db   Thumb Code     0  startup_stm32f429_439xx.o(.text)
    EXTI4_IRQHandler                         0x080001db   Thumb Code     0  startup_stm32f429_439xx.o(.text)
    EXTI9_5_IRQHandler                       0x080001db   Thumb Code     0  startup_stm32f429_439xx.o(.text)
    FLASH_IRQHandler                         0x080001db   Thumb Code     0  startup_stm32f429_439xx.o(.text)
    FMC_IRQHandler                           0x080001db   Thumb Code     0  startup_stm32f429_439xx.o(.text)
    FPU_IRQHandler                           0x080001db   Thumb Code     0  startup_stm32f429_439xx.o(.text)
    HASH_RNG_IRQHandler                      0x080001db   Thumb Code     0  startup_stm32f429_439xx.o(.text)
    I2C1_ER_IRQHandler                       0x080001db   Thumb Code     0  startup_stm32f429_439xx.o(.text)
    I2C1_EV_IRQHandler                       0x080001db   Thumb Code     0  startup_stm32f429_439xx.o(.text)
    I2C2_ER_IRQHandler                       0x080001db   Thumb Code     0  startup_stm32f429_439xx.o(.text)
    I2C2_EV_IRQHandler                       0x080001db   Thumb Code     0  startup_stm32f429_439xx.o(.text)
    I2C3_ER_IRQHandler                       0x080001db   Thumb Code     0  startup_stm32f429_439xx.o(.text)
    I2C3_EV_IRQHandler                       0x080001db   Thumb Code     0  startup_stm32f429_439xx.o(.text)
    LTDC_ER_IRQHandler                       0x080001db   Thumb Code     0  startup_stm32f429_439xx.o(.text)
    LTDC_IRQHandler                          0x080001db   Thumb Code     0  startup_stm32f429_439xx.o(.text)
    OTG_FS_IRQHandler                        0x080001db   Thumb Code     0  startup_stm32f429_439xx.o(.text)
    OTG_FS_WKUP_IRQHandler                   0x080001db   Thumb Code     0  startup_stm32f429_439xx.o(.text)
    OTG_HS_EP1_IN_IRQHandler                 0x080001db   Thumb Code     0  startup_stm32f429_439xx.o(.text)
    OTG_HS_EP1_OUT_IRQHandler                0x080001db   Thumb Code     0  startup_stm32f429_439xx.o(.text)
    OTG_HS_IRQHandler                        0x080001db   Thumb Code     0  startup_stm32f429_439xx.o(.text)
    OTG_HS_WKUP_IRQHandler                   0x080001db   Thumb Code     0  startup_stm32f429_439xx.o(.text)
    PVD_IRQHandler                           0x080001db   Thumb Code     0  startup_stm32f429_439xx.o(.text)
    RCC_IRQHandler                           0x080001db   Thumb Code     0  startup_stm32f429_439xx.o(.text)
    RTC_Alarm_IRQHandler                     0x080001db   Thumb Code     0  startup_stm32f429_439xx.o(.text)
    RTC_WKUP_IRQHandler                      0x080001db   Thumb Code     0  startup_stm32f429_439xx.o(.text)
    SAI1_IRQHandler                          0x080001db   Thumb Code     0  startup_stm32f429_439xx.o(.text)
    SDIO_IRQHandler                          0x080001db   Thumb Code     0  startup_stm32f429_439xx.o(.text)
    SPI1_IRQHandler                          0x080001db   Thumb Code     0  startup_stm32f429_439xx.o(.text)
    SPI2_IRQHandler                          0x080001db   Thumb Code     0  startup_stm32f429_439xx.o(.text)
    SPI3_IRQHandler                          0x080001db   Thumb Code     0  startup_stm32f429_439xx.o(.text)
    SPI4_IRQHandler                          0x080001db   Thumb Code     0  startup_stm32f429_439xx.o(.text)
    SPI5_IRQHandler                          0x080001db   Thumb Code     0  startup_stm32f429_439xx.o(.text)
    SPI6_IRQHandler                          0x080001db   Thumb Code     0  startup_stm32f429_439xx.o(.text)
    TAMP_STAMP_IRQHandler                    0x080001db   Thumb Code     0  startup_stm32f429_439xx.o(.text)
    TIM1_BRK_TIM9_IRQHandler                 0x080001db   Thumb Code     0  startup_stm32f429_439xx.o(.text)
    TIM1_CC_IRQHandler                       0x080001db   Thumb Code     0  startup_stm32f429_439xx.o(.text)
    TIM1_TRG_COM_TIM11_IRQHandler            0x080001db   Thumb Code     0  startup_stm32f429_439xx.o(.text)
    TIM1_UP_TIM10_IRQHandler                 0x080001db   Thumb Code     0  startup_stm32f429_439xx.o(.text)
    TIM2_IRQHandler                          0x080001db   Thumb Code     0  startup_stm32f429_439xx.o(.text)
    TIM3_IRQHandler                          0x080001db   Thumb Code     0  startup_stm32f429_439xx.o(.text)
    TIM4_IRQHandler                          0x080001db   Thumb Code     0  startup_stm32f429_439xx.o(.text)
    TIM5_IRQHandler                          0x080001db   Thumb Code     0  startup_stm32f429_439xx.o(.text)
    TIM6_DAC_IRQHandler                      0x080001db   Thumb Code     0  startup_stm32f429_439xx.o(.text)
    TIM7_IRQHandler                          0x080001db   Thumb Code     0  startup_stm32f429_439xx.o(.text)
    TIM8_BRK_TIM12_IRQHandler                0x080001db   Thumb Code     0  startup_stm32f429_439xx.o(.text)
    TIM8_CC_IRQHandler                       0x080001db   Thumb Code     0  startup_stm32f429_439xx.o(.text)
    TIM8_TRG_COM_TIM14_IRQHandler            0x080001db   Thumb Code     0  startup_stm32f429_439xx.o(.text)
    TIM8_UP_TIM13_IRQHandler                 0x080001db   Thumb Code     0  startup_stm32f429_439xx.o(.text)
    UART4_IRQHandler                         0x080001db   Thumb Code     0  startup_stm32f429_439xx.o(.text)
    UART5_IRQHandler                         0x080001db   Thumb Code     0  startup_stm32f429_439xx.o(.text)
    UART7_IRQHandler                         0x080001db   Thumb Code     0  startup_stm32f429_439xx.o(.text)
    UART8_IRQHandler                         0x080001db   Thumb Code     0  startup_stm32f429_439xx.o(.text)
    USART1_IRQHandler                        0x080001db   Thumb Code     0  startup_stm32f429_439xx.o(.text)
    USART2_IRQHandler                        0x080001db   Thumb Code     0  startup_stm32f429_439xx.o(.text)
    USART3_IRQHandler                        0x080001db   Thumb Code     0  startup_stm32f429_439xx.o(.text)
    USART6_IRQHandler                        0x080001db   Thumb Code     0  startup_stm32f429_439xx.o(.text)
    WWDG_IRQHandler                          0x080001db   Thumb Code     0  startup_stm32f429_439xx.o(.text)
    __aeabi_uldivmod                         0x080001e5   Thumb Code    98  uldiv.o(.text)
    __scatterload                            0x08000249   Thumb Code    28  init.o(.text)
    __scatterload_rt2                        0x08000249   Thumb Code     0  init.o(.text)
    __aeabi_llsl                             0x0800026d   Thumb Code    30  llshl.o(.text)
    _ll_shift_l                              0x0800026d   Thumb Code     0  llshl.o(.text)
    __aeabi_llsr                             0x0800028b   Thumb Code    32  llushr.o(.text)
    _ll_ushift_r                             0x0800028b   Thumb Code     0  llushr.o(.text)
    BusFault_Handler                         0x080002ab   Thumb Code     2  stm32f4xx_it.o(i.BusFault_Handler)
    DCMI_CaptureCmd                          0x080002ad   Thumb Code    22  stm32f4xx_dcmi.o(i.DCMI_CaptureCmd)
    DCMI_ClearFlag                           0x080002c9   Thumb Code     6  stm32f4xx_dcmi.o(i.DCMI_ClearFlag)
    DCMI_ClearITPendingBit                   0x080002d5   Thumb Code     6  stm32f4xx_dcmi.o(i.DCMI_ClearITPendingBit)
    DCMI_Cmd                                 0x080002e1   Thumb Code    22  stm32f4xx_dcmi.o(i.DCMI_Cmd)
    DCMI_DMA_Init                            0x080002fd   Thumb Code   162  dcmi.o(i.DCMI_DMA_Init)
    DCMI_GPIO_Init                           0x080003b1   Thumb Code   362  dcmi.o(i.DCMI_GPIO_Init)
    DCMI_GetITStatus                         0x08000531   Thumb Code    16  stm32f4xx_dcmi.o(i.DCMI_GetITStatus)
    DCMI_IRQHandler                          0x08000545   Thumb Code    78  stm32f4xx_it.o(i.DCMI_IRQHandler)
    DCMI_ITConfig                            0x080005a5   Thumb Code    22  stm32f4xx_dcmi.o(i.DCMI_ITConfig)
    DCMI_Init                                0x080005c1   Thumb Code    54  stm32f4xx_dcmi.o(i.DCMI_Init)
    DCMI_JPEGCmd                             0x080005fd   Thumb Code    22  stm32f4xx_dcmi.o(i.DCMI_JPEGCmd)
    DCMI_OV2640_ReadID                       0x08000619   Thumb Code    84  dcmi_ov2640.o(i.DCMI_OV2640_ReadID)
    DCMI_SingleRandomRead                    0x0800066d   Thumb Code    42  sccb.o(i.DCMI_SingleRandomRead)
    DCMI_SingleRandomWrite                   0x0800069d   Thumb Code    32  sccb.o(i.DCMI_SingleRandomWrite)
    DMA2_Stream1_IRQHandler                  0x080006c1   Thumb Code   126  stm32f4xx_it.o(i.DMA2_Stream1_IRQHandler)
    DMA_ClearITPendingBit                    0x0800075d   Thumb Code    32  stm32f4xx_dma.o(i.DMA_ClearITPendingBit)
    DMA_Cmd                                  0x08000789   Thumb Code    20  stm32f4xx_dma.o(i.DMA_Cmd)
    DMA_DeInit                               0x0800079d   Thumb Code   272  stm32f4xx_dma.o(i.DMA_DeInit)
    DMA_DoubleBufferModeCmd                  0x080008c1   Thumb Code    20  stm32f4xx_dma.o(i.DMA_DoubleBufferModeCmd)
    DMA_DoubleBufferModeConfig               0x080008d5   Thumb Code    22  stm32f4xx_dma.o(i.DMA_DoubleBufferModeConfig)
    DMA_GetCurrentMemoryTarget               0x080008eb   Thumb Code    14  stm32f4xx_dma.o(i.DMA_GetCurrentMemoryTarget)
    DMA_GetITStatus                          0x080008f9   Thumb Code    68  stm32f4xx_dma.o(i.DMA_GetITStatus)
    DMA_ITConfig                             0x0800094d   Thumb Code    44  stm32f4xx_dma.o(i.DMA_ITConfig)
    DMA_Init                                 0x08000979   Thumb Code    80  stm32f4xx_dma.o(i.DMA_Init)
    DMA_MemoryTargetConfig                   0x080009cd   Thumb Code    10  stm32f4xx_dma.o(i.DMA_MemoryTargetConfig)
    DebugMon_Handler                         0x080009d7   Thumb Code     2  stm32f4xx_it.o(i.DebugMon_Handler)
    Delay                                    0x080009d9   Thumb Code    16  main.o(i.Delay)
    FMC_GetFlagStatus                        0x080009ff   Thumb Code    54  stm32f4xx_fmc.o(i.FMC_GetFlagStatus)
    FMC_SDRAMCmdConfig                       0x08000a35   Thumb Code    34  stm32f4xx_fmc.o(i.FMC_SDRAMCmdConfig)
    FMC_SDRAMInit                            0x08000a59   Thumb Code   284  stm32f4xx_fmc.o(i.FMC_SDRAMInit)
    FMC_SetRefreshCount                      0x08000b79   Thumb Code    18  stm32f4xx_fmc.o(i.FMC_SetRefreshCount)
    GPIO_Init                                0x08000b8b   Thumb Code   162  stm32f4xx_gpio.o(i.GPIO_Init)
    GPIO_PinAFConfig                         0x08000c2d   Thumb Code    32  stm32f4xx_gpio.o(i.GPIO_PinAFConfig)
    GPIO_StructInit                          0x08000c4d   Thumb Code    18  stm32f4xx_gpio.o(i.GPIO_StructInit)
    HardFault_Handler                        0x08000c5f   Thumb Code     2  stm32f4xx_it.o(i.HardFault_Handler)
    I2C_AcknowledgeConfig                    0x08000c61   Thumb Code    20  stm32f4xx_i2c.o(i.I2C_AcknowledgeConfig)
    I2C_CheckEvent                           0x08000c75   Thumb Code    24  stm32f4xx_i2c.o(i.I2C_CheckEvent)
    I2C_Cmd                                  0x08000c8d   Thumb Code    20  stm32f4xx_i2c.o(i.I2C_Cmd)
    I2C_DeInit                               0x08000ca1   Thumb Code    56  stm32f4xx_i2c.o(i.I2C_DeInit)
    I2C_GenerateSTART                        0x08000ce5   Thumb Code    20  stm32f4xx_i2c.o(i.I2C_GenerateSTART)
    I2C_GenerateSTOP                         0x08000cf9   Thumb Code    20  stm32f4xx_i2c.o(i.I2C_GenerateSTOP)
    I2C_GetFlagStatus                        0x08000d0d   Thumb Code    42  stm32f4xx_i2c.o(i.I2C_GetFlagStatus)
    I2C_Init                                 0x08000d39   Thumb Code   174  stm32f4xx_i2c.o(i.I2C_Init)
    I2C_Init_                                0x08000df1   Thumb Code   226  i2c.o(i.I2C_Init_)
    I2C_Read                                 0x08000edd   Thumb Code   440  i2c.o(i.I2C_Read)
    I2C_ReceiveData                          0x080010a1   Thumb Code     6  stm32f4xx_i2c.o(i.I2C_ReceiveData)
    I2C_Send7bitAddress                      0x080010a7   Thumb Code    16  stm32f4xx_i2c.o(i.I2C_Send7bitAddress)
    I2C_SendData                             0x080010b7   Thumb Code     4  stm32f4xx_i2c.o(i.I2C_SendData)
    I2C_StructInit                           0x080010bb   Thumb Code    28  stm32f4xx_i2c.o(i.I2C_StructInit)
    I2C_Write                                0x080010d9   Thumb Code   240  i2c.o(i.I2C_Write)
    LCD_Clear                                0x08001395   Thumb Code    20  32f429_lcd.o(i.LCD_Clear)
    LCD_DisplayChar                          0x080013b1   Thumb Code    26  32f429_lcd.o(i.LCD_DisplayChar)
    LCD_DisplayStringLine                    0x080013d1   Thumb Code    62  32f429_lcd.o(i.LCD_DisplayStringLine)
    LCD_DrawChar                             0x08001415   Thumb Code   134  32f429_lcd.o(i.LCD_DrawChar)
    LCD_GetFont                              0x080014a1   Thumb Code     6  32f429_lcd.o(i.LCD_GetFont)
    LCD_Init                                 0x080014ad   Thumb Code   126  32f429_lcd.o(i.LCD_Init)
    LCD_LayerInit                            0x0800152d   Thumb Code   168  32f429_lcd.o(i.LCD_LayerInit)
    LCD_SetBackColor                         0x080015e1   Thumb Code     6  32f429_lcd.o(i.LCD_SetBackColor)
    LCD_SetFont                              0x080015ed   Thumb Code     6  32f429_lcd.o(i.LCD_SetFont)
    LCD_SetLayer                             0x080015f9   Thumb Code    24  32f429_lcd.o(i.LCD_SetLayer)
    LCD_SetTextColor                         0x08001619   Thumb Code     6  32f429_lcd.o(i.LCD_SetTextColor)
    LTDC_Cmd                                 0x08001625   Thumb Code    22  stm32f4xx_ltdc.o(i.LTDC_Cmd)
    LTDC_DitherCmd                           0x08001641   Thumb Code    22  stm32f4xx_ltdc.o(i.LTDC_DitherCmd)
    LTDC_Init                                0x0800165d   Thumb Code   156  stm32f4xx_ltdc.o(i.LTDC_Init)
    LTDC_LayerCmd                            0x08001705   Thumb Code    20  stm32f4xx_ltdc.o(i.LTDC_LayerCmd)
    LTDC_LayerInit                           0x08001719   Thumb Code   150  stm32f4xx_ltdc.o(i.LTDC_LayerInit)
    LTDC_ReloadConfig                        0x080017b1   Thumb Code     6  stm32f4xx_ltdc.o(i.LTDC_ReloadConfig)
    MCO1_Init                                0x080017bd   Thumb Code    64  dcmi_ov2640.o(i.MCO1_Init)
    MemManage_Handler                        0x08001801   Thumb Code     2  stm32f4xx_it.o(i.MemManage_Handler)
    NMI_Handler                              0x08001803   Thumb Code     2  stm32f4xx_it.o(i.NMI_Handler)
    NVIC_Init                                0x08001805   Thumb Code    96  misc.o(i.NVIC_Init)
    NVIC_PriorityGroupConfig                 0x08001869   Thumb Code    10  misc.o(i.NVIC_PriorityGroupConfig)
    OV2640_AutoExposure                      0x0800187d   Thumb Code    44  dcmi_ov2640.o(i.OV2640_AutoExposure)
    OV2640_BrightnessConfig                  0x080018ad   Thumb Code    56  dcmi_ov2640.o(i.OV2640_BrightnessConfig)
    OV2640_Config                            0x080018e5   Thumb Code   378  dcmi_ov2640.o(i.OV2640_Config)
    OV2640_Init                              0x08001a6d   Thumb Code    38  dcmi_ov2640.o(i.OV2640_Init)
    OV2640_Reset                             0x08001a93   Thumb Code    22  dcmi_ov2640.o(i.OV2640_Reset)
    PendSV_Handler                           0x08001aa9   Thumb Code     2  stm32f4xx_it.o(i.PendSV_Handler)
    RCC_AHB1PeriphClockCmd                   0x08001aad   Thumb Code    18  stm32f4xx_rcc.o(i.RCC_AHB1PeriphClockCmd)
    RCC_AHB2PeriphClockCmd                   0x08001ac5   Thumb Code    18  stm32f4xx_rcc.o(i.RCC_AHB2PeriphClockCmd)
    RCC_AHB3PeriphClockCmd                   0x08001add   Thumb Code    18  stm32f4xx_rcc.o(i.RCC_AHB3PeriphClockCmd)
    RCC_APB1PeriphClockCmd                   0x08001af5   Thumb Code    18  stm32f4xx_rcc.o(i.RCC_APB1PeriphClockCmd)
    RCC_APB1PeriphResetCmd                   0x08001b0d   Thumb Code    18  stm32f4xx_rcc.o(i.RCC_APB1PeriphResetCmd)
    RCC_APB2PeriphClockCmd                   0x08001b25   Thumb Code    18  stm32f4xx_rcc.o(i.RCC_APB2PeriphClockCmd)
    RCC_ClockSecuritySystemCmd               0x08001b3d   Thumb Code     6  stm32f4xx_rcc.o(i.RCC_ClockSecuritySystemCmd)
    RCC_GetClocksFreq                        0x08001b49   Thumb Code   132  stm32f4xx_rcc.o(i.RCC_GetClocksFreq)
    RCC_GetFlagStatus                        0x08001bdd   Thumb Code    46  stm32f4xx_rcc.o(i.RCC_GetFlagStatus)
    RCC_LTDCCLKDivConfig                     0x08001c11   Thumb Code    14  stm32f4xx_rcc.o(i.RCC_LTDCCLKDivConfig)
    RCC_PLLSAICmd                            0x08001c25   Thumb Code     6  stm32f4xx_rcc.o(i.RCC_PLLSAICmd)
    RCC_PLLSAIConfig                         0x08001c31   Thumb Code    16  stm32f4xx_rcc.o(i.RCC_PLLSAIConfig)
    Resolution_GetBufSize                    0x08001c45   Thumb Code    64  dcmi.o(i.Resolution_GetBufSize)
    SCCB_GPIO_Init                           0x08001c8d   Thumb Code     6  sccb.o(i.SCCB_GPIO_Init)
    SCCB_WriteRegs                           0x08001c99   Thumb Code    26  dcmi_ov2640.o(i.SCCB_WriteRegs)
    SDRAM_GPIOConfig                         0x08001cb5   Thumb Code   490  32f429_sdram.o(i.SDRAM_GPIOConfig)
    SDRAM_Init                               0x08001eb5   Thumb Code    92  32f429_sdram.o(i.SDRAM_Init)
    SDRAM_InitSequence                       0x08001f11   Thumb Code   174  32f429_sdram.o(i.SDRAM_InitSequence)
    STM_EVAL_COMInit                         0x08001fc5   Thumb Code   184  stm324x9i_eval.o(i.STM_EVAL_COMInit)
    SVC_Handler                              0x08002085   Thumb Code     2  stm32f4xx_it.o(i.SVC_Handler)
    SysTick_Handler                          0x08002159   Thumb Code     4  stm32f4xx_it.o(i.SysTick_Handler)
    SystemInit                               0x0800215d   Thumb Code    74  system_stm32f4xx.o(i.SystemInit)
    TimingDelay_Decrement                    0x080021b9   Thumb Code    20  main.o(i.TimingDelay_Decrement)
    USART_Cmd                                0x080021d1   Thumb Code    20  stm32f4xx_usart.o(i.USART_Cmd)
    USART_Config                             0x080021e5   Thumb Code    46  usart.o(i.USART_Config)
    USART_GetFlagStatus                      0x08002213   Thumb Code    14  stm32f4xx_usart.o(i.USART_GetFlagStatus)
    USART_Init                               0x08002221   Thumb Code   164  stm32f4xx_usart.o(i.USART_Init)
    USART_SendData                           0x080022cd   Thumb Code     8  stm32f4xx_usart.o(i.USART_SendData)
    UsageFault_Handler                       0x080022d5   Thumb Code     2  stm32f4xx_it.o(i.UsageFault_Handler)
    __0printf$8                              0x080022d9   Thumb Code    22  printf8.o(i.__0printf$8)
    __1printf$8                              0x080022d9   Thumb Code     0  printf8.o(i.__0printf$8)
    __2printf                                0x080022d9   Thumb Code     0  printf8.o(i.__0printf$8)
    __0sprintf$8                             0x080022f9   Thumb Code    34  printf8.o(i.__0sprintf$8)
    __1sprintf$8                             0x080022f9   Thumb Code     0  printf8.o(i.__0sprintf$8)
    __2sprintf                               0x080022f9   Thumb Code     0  printf8.o(i.__0sprintf$8)
    __scatterload_copy                       0x08002321   Thumb Code    14  handlers.o(i.__scatterload_copy)
    __scatterload_null                       0x0800232f   Thumb Code     2  handlers.o(i.__scatterload_null)
    __scatterload_zeroinit                   0x08002331   Thumb Code    14  handlers.o(i.__scatterload_zeroinit)
    fputc                                    0x080027ad   Thumb Code    30  usart.o(i.fputc)
    main                                     0x080027d1   Thumb Code   796  main.o(i.main)
    COM_TX_PIN                               0x08002cc8   Data           2  stm324x9i_eval.o(.constdata)
    COM_RX_PIN                               0x08002cca   Data           2  stm324x9i_eval.o(.constdata)
    COM_TX_PIN_SOURCE                        0x08002ccc   Data           2  stm324x9i_eval.o(.constdata)
    COM_RX_PIN_SOURCE                        0x08002cce   Data           2  stm324x9i_eval.o(.constdata)
    COM_TX_AF                                0x08002cd0   Data           2  stm324x9i_eval.o(.constdata)
    COM_RX_AF                                0x08002cd2   Data           2  stm324x9i_eval.o(.constdata)
    COM_USART_CLK                            0x08002cd4   Data           4  stm324x9i_eval.o(.constdata)
    COM_TX_PORT_CLK                          0x08002cd8   Data           4  stm324x9i_eval.o(.constdata)
    COM_RX_PORT_CLK                          0x08002cdc   Data           4  stm324x9i_eval.o(.constdata)
    BUTTON_PIN                               0x08002ce0   Data           6  stm324x9i_eval.o(.constdata)
    BUTTON_EXTI_LINE                         0x08002ce6   Data           6  stm324x9i_eval.o(.constdata)
    BUTTON_PORT_SOURCE                       0x08002cec   Data           6  stm324x9i_eval.o(.constdata)
    BUTTON_PIN_SOURCE                        0x08002cf2   Data           6  stm324x9i_eval.o(.constdata)
    BUTTON_IRQn                              0x08002cf8   Data           6  stm324x9i_eval.o(.constdata)
    GPIO_PIN                                 0x08002cfe   Data           8  stm324x9i_eval.o(.constdata)
    GPIO_CLK                                 0x08002d08   Data          16  stm324x9i_eval.o(.constdata)
    BUTTON_CLK                               0x08002d18   Data          12  stm324x9i_eval.o(.constdata)
    OV2640_YUV422                            0x08002d24   Data           8  dcmi_ov2640.o(.constdata)
    OV2640_INIT                              0x08002d2c   Data         362  dcmi_ov2640.o(.constdata)
    OV2640_SENS_INIT                         0x08002e96   Data          28  dcmi_ov2640.o(.constdata)
    OV2640_DSP_160x120                       0x08002eb2   Data          34  dcmi_ov2640.o(.constdata)
    OV2640_DSP_176x144                       0x08002ed4   Data          34  dcmi_ov2640.o(.constdata)
    OV2640_DSP_320x200                       0x08002ef6   Data          34  dcmi_ov2640.o(.constdata)
    OV2640_DSP_352x288                       0x08002f18   Data          36  dcmi_ov2640.o(.constdata)
    OV2640_DSP_408x304                       0x08002f3c   Data          34  dcmi_ov2640.o(.constdata)
    OV2640_DSP_480x320                       0x08002f5e   Data          34  dcmi_ov2640.o(.constdata)
    OV2640_DSP_640x480                       0x08002f80   Data          34  dcmi_ov2640.o(.constdata)
    OV2640_DSP_800x600                       0x08002fa2   Data          34  dcmi_ov2640.o(.constdata)
    ASCII16x24_Table                         0x08003010   Data        4560  32f429_lcd.o(.constdata)
    ASCII8x12_Table                          0x080041e0   Data        2304  32f429_lcd.o(.constdata)
    Region$$Table$$Base                      0x08004ae0   Number         0  anon$$obj.o(Region$$Table)
    Region$$Table$$Limit                     0x08004b00   Number         0  anon$$obj.o(Region$$Table)
    SystemCoreClock                          0x20000000   Data           4  system_stm32f4xx.o(.data)
    AHBPrescTable                            0x20000004   Data          16  system_stm32f4xx.o(.data)
    jpg_flag                                 0x20000024   Data           1  main.o(.data)
    lnmax                                    0x20000026   Data           2  main.o(.data)
    fps                                      0x20000028   Data           2  main.o(.data)
    systick_ms                               0x2000002a   Data           2  main.o(.data)
    toggle_ms                                0x2000002c   Data           2  main.o(.data)
    lncnt                                    0x20000034   Data           2  main.o(.data)
    dcim_flag                                0x20000036   Data           1  main.o(.data)
    COM_USART                                0x20000038   Data           4  stm324x9i_eval.o(.data)
    COM_TX_PORT                              0x2000003c   Data           4  stm324x9i_eval.o(.data)
    COM_RX_PORT                              0x20000040   Data           4  stm324x9i_eval.o(.data)
    GPIO_PORT                                0x20000044   Data          16  stm324x9i_eval.o(.data)
    BUTTON_PORT                              0x20000054   Data          12  stm324x9i_eval.o(.data)
    Font16x24                                0x20000070   Data           8  32f429_lcd.o(.data)
    Font8x12                                 0x20000078   Data           8  32f429_lcd.o(.data)
    __stdout                                 0x20000080   Data           4  stdout.o(.data)
    __initial_sp                             0x20000488   Data           0  startup_stm32f429_439xx.o(STACK)



==============================================================================

Memory Map of the image

  Image Entry point : 0x080001ad

  Load Region LR_IROM1 (Base: 0x08000000, Size: 0x00004b84, Max: 0x00100000, ABSOLUTE)

    Execution Region ER_IROM1 (Exec base: 0x08000000, Load base: 0x08000000, Size: 0x00004b00, Max: 0x00100000, ABSOLUTE)

    Exec Addr    Load Addr    Size         Type   Attr      Idx    E Section Name        Object

    0x08000000   0x08000000   0x000001ac   Data   RO          156    RESET               startup_stm32f429_439xx.o
    0x080001ac   0x080001ac   0x00000000   Code   RO         6086  * .ARM.Collect$$$$00000000  mc_w.l(entry.o)
    0x080001ac   0x080001ac   0x00000004   Code   RO         6350    .ARM.Collect$$$$00000001  mc_w.l(entry2.o)
    0x080001b0   0x080001b0   0x00000004   Code   RO         6353    .ARM.Collect$$$$00000004  mc_w.l(entry5.o)
    0x080001b4   0x080001b4   0x00000000   Code   RO         6355    .ARM.Collect$$$$00000008  mc_w.l(entry7b.o)
    0x080001b4   0x080001b4   0x00000000   Code   RO         6357    .ARM.Collect$$$$0000000A  mc_w.l(entry8b.o)
    0x080001b4   0x080001b4   0x00000008   Code   RO         6358    .ARM.Collect$$$$0000000B  mc_w.l(entry9a.o)
    0x080001bc   0x080001bc   0x00000000   Code   RO         6360    .ARM.Collect$$$$0000000D  mc_w.l(entry10a.o)
    0x080001bc   0x080001bc   0x00000000   Code   RO         6362    .ARM.Collect$$$$0000000F  mc_w.l(entry11a.o)
    0x080001bc   0x080001bc   0x00000004   Code   RO         6351    .ARM.Collect$$$$00002712  mc_w.l(entry2.o)
    0x080001c0   0x080001c0   0x00000024   Code   RO          157    .text               startup_stm32f429_439xx.o
    0x080001e4   0x080001e4   0x00000062   Code   RO         6367    .text               mc_w.l(uldiv.o)
    0x08000246   0x08000246   0x00000002   PAD
    0x08000248   0x08000248   0x00000024   Code   RO         6380    .text               mc_w.l(init.o)
    0x0800026c   0x0800026c   0x0000001e   Code   RO         6382    .text               mc_w.l(llshl.o)
    0x0800028a   0x0800028a   0x00000020   Code   RO         6384    .text               mc_w.l(llushr.o)
    0x080002aa   0x080002aa   0x00000002   Code   RO         5320    i.BusFault_Handler  stm32f4xx_it.o
    0x080002ac   0x080002ac   0x0000001c   Code   RO          766    i.DCMI_CaptureCmd   stm32f4xx_dcmi.o
    0x080002c8   0x080002c8   0x0000000c   Code   RO          767    i.DCMI_ClearFlag    stm32f4xx_dcmi.o
    0x080002d4   0x080002d4   0x0000000c   Code   RO          768    i.DCMI_ClearITPendingBit  stm32f4xx_dcmi.o
    0x080002e0   0x080002e0   0x0000001c   Code   RO          769    i.DCMI_Cmd          stm32f4xx_dcmi.o
    0x080002fc   0x080002fc   0x000000b4   Code   RO         6041    i.DCMI_DMA_Init     dcmi.o
    0x080003b0   0x080003b0   0x00000180   Code   RO         6042    i.DCMI_GPIO_Init    dcmi.o
    0x08000530   0x08000530   0x00000014   Code   RO          772    i.DCMI_GetITStatus  stm32f4xx_dcmi.o
    0x08000544   0x08000544   0x00000060   Code   RO         5321    i.DCMI_IRQHandler   stm32f4xx_it.o
    0x080005a4   0x080005a4   0x0000001c   Code   RO          773    i.DCMI_ITConfig     stm32f4xx_dcmi.o
    0x080005c0   0x080005c0   0x0000003c   Code   RO          774    i.DCMI_Init         stm32f4xx_dcmi.o
    0x080005fc   0x080005fc   0x0000001c   Code   RO          775    i.DCMI_JPEGCmd      stm32f4xx_dcmi.o
    0x08000618   0x08000618   0x00000054   Code   RO         5540    i.DCMI_OV2640_ReadID  dcmi_ov2640.o
    0x0800066c   0x0800066c   0x00000030   Code   RO         5625    i.DCMI_SingleRandomRead  sccb.o
    0x0800069c   0x0800069c   0x00000024   Code   RO         5626    i.DCMI_SingleRandomWrite  sccb.o
    0x080006c0   0x080006c0   0x0000009c   Code   RO         5322    i.DMA2_Stream1_IRQHandler  stm32f4xx_it.o
    0x0800075c   0x0800075c   0x0000002c   Code   RO         4180    i.DMA_ClearITPendingBit  stm32f4xx_dma.o
    0x08000788   0x08000788   0x00000014   Code   RO         4181    i.DMA_Cmd           stm32f4xx_dma.o
    0x0800079c   0x0800079c   0x00000124   Code   RO         4182    i.DMA_DeInit        stm32f4xx_dma.o
    0x080008c0   0x080008c0   0x00000014   Code   RO         4183    i.DMA_DoubleBufferModeCmd  stm32f4xx_dma.o
    0x080008d4   0x080008d4   0x00000016   Code   RO         4184    i.DMA_DoubleBufferModeConfig  stm32f4xx_dma.o
    0x080008ea   0x080008ea   0x0000000e   Code   RO         4188    i.DMA_GetCurrentMemoryTarget  stm32f4xx_dma.o
    0x080008f8   0x080008f8   0x00000054   Code   RO         4191    i.DMA_GetITStatus   stm32f4xx_dma.o
    0x0800094c   0x0800094c   0x0000002c   Code   RO         4192    i.DMA_ITConfig      stm32f4xx_dma.o
    0x08000978   0x08000978   0x00000054   Code   RO         4193    i.DMA_Init          stm32f4xx_dma.o
    0x080009cc   0x080009cc   0x0000000a   Code   RO         4194    i.DMA_MemoryTargetConfig  stm32f4xx_dma.o
    0x080009d6   0x080009d6   0x00000002   Code   RO         5323    i.DebugMon_Handler  stm32f4xx_it.o
    0x080009d8   0x080009d8   0x00000014   Code   RO         5182    i.Delay             main.o
    0x080009ec   0x080009ec   0x00000012   Code   RO         5541    i.Delay_ms          dcmi_ov2640.o
    0x080009fe   0x080009fe   0x00000036   Code   RO         4999    i.FMC_GetFlagStatus  stm32f4xx_fmc.o
    0x08000a34   0x08000a34   0x00000022   Code   RO         5016    i.FMC_SDRAMCmdConfig  stm32f4xx_fmc.o
    0x08000a56   0x08000a56   0x00000002   PAD
    0x08000a58   0x08000a58   0x00000120   Code   RO         5018    i.FMC_SDRAMInit     stm32f4xx_fmc.o
    0x08000b78   0x08000b78   0x00000012   Code   RO         5022    i.FMC_SetRefreshCount  stm32f4xx_fmc.o
    0x08000b8a   0x08000b8a   0x000000a2   Code   RO         3053    i.GPIO_Init         stm32f4xx_gpio.o
    0x08000c2c   0x08000c2c   0x00000020   Code   RO         3054    i.GPIO_PinAFConfig  stm32f4xx_gpio.o
    0x08000c4c   0x08000c4c   0x00000012   Code   RO         3062    i.GPIO_StructInit   stm32f4xx_gpio.o
    0x08000c5e   0x08000c5e   0x00000002   Code   RO         5324    i.HardFault_Handler  stm32f4xx_it.o
    0x08000c60   0x08000c60   0x00000014   Code   RO         3158    i.I2C_AcknowledgeConfig  stm32f4xx_i2c.o
    0x08000c74   0x08000c74   0x00000018   Code   RO         3161    i.I2C_CheckEvent    stm32f4xx_i2c.o
    0x08000c8c   0x08000c8c   0x00000014   Code   RO         3164    i.I2C_Cmd           stm32f4xx_i2c.o
    0x08000ca0   0x08000ca0   0x00000044   Code   RO         3167    i.I2C_DeInit        stm32f4xx_i2c.o
    0x08000ce4   0x08000ce4   0x00000014   Code   RO         3172    i.I2C_GenerateSTART  stm32f4xx_i2c.o
    0x08000cf8   0x08000cf8   0x00000014   Code   RO         3173    i.I2C_GenerateSTOP  stm32f4xx_i2c.o
    0x08000d0c   0x08000d0c   0x0000002a   Code   RO         3174    i.I2C_GetFlagStatus  stm32f4xx_i2c.o
    0x08000d36   0x08000d36   0x00000002   PAD
    0x08000d38   0x08000d38   0x000000b8   Code   RO         3179    i.I2C_Init          stm32f4xx_i2c.o
    0x08000df0   0x08000df0   0x000000ec   Code   RO         6000    i.I2C_Init_         i2c.o
    0x08000edc   0x08000edc   0x000001c4   Code   RO         6001    i.I2C_Read          i2c.o
    0x080010a0   0x080010a0   0x00000006   Code   RO         3184    i.I2C_ReceiveData   stm32f4xx_i2c.o
    0x080010a6   0x080010a6   0x00000010   Code   RO         3186    i.I2C_Send7bitAddress  stm32f4xx_i2c.o
    0x080010b6   0x080010b6   0x00000004   Code   RO         3187    i.I2C_SendData      stm32f4xx_i2c.o
    0x080010ba   0x080010ba   0x0000001c   Code   RO         3190    i.I2C_StructInit    stm32f4xx_i2c.o
    0x080010d6   0x080010d6   0x00000002   PAD
    0x080010d8   0x080010d8   0x000000fc   Code   RO         6002    i.I2C_Write         i2c.o
    0x080011d4   0x080011d4   0x000001c0   Code   RO         5712    i.LCD_AF_GPIOConfig  32f429_lcd.o
    0x08001394   0x08001394   0x0000001c   Code   RO         5714    i.LCD_Clear         32f429_lcd.o
    0x080013b0   0x080013b0   0x00000020   Code   RO         5721    i.LCD_DisplayChar   32f429_lcd.o
    0x080013d0   0x080013d0   0x00000044   Code   RO         5722    i.LCD_DisplayStringLine  32f429_lcd.o
    0x08001414   0x08001414   0x0000008c   Code   RO         5723    i.LCD_DrawChar      32f429_lcd.o
    0x080014a0   0x080014a0   0x0000000c   Code   RO         5736    i.LCD_GetFont       32f429_lcd.o
    0x080014ac   0x080014ac   0x0000007e   Code   RO         5737    i.LCD_Init          32f429_lcd.o
    0x0800152a   0x0800152a   0x00000002   PAD
    0x0800152c   0x0800152c   0x000000b4   Code   RO         5738    i.LCD_LayerInit     32f429_lcd.o
    0x080015e0   0x080015e0   0x0000000c   Code   RO         5743    i.LCD_SetBackColor  32f429_lcd.o
    0x080015ec   0x080015ec   0x0000000c   Code   RO         5748    i.LCD_SetFont       32f429_lcd.o
    0x080015f8   0x080015f8   0x00000020   Code   RO         5749    i.LCD_SetLayer      32f429_lcd.o
    0x08001618   0x08001618   0x0000000c   Code   RO         5750    i.LCD_SetTextColor  32f429_lcd.o
    0x08001624   0x08001624   0x0000001c   Code   RO         4740    i.LTDC_Cmd          stm32f4xx_ltdc.o
    0x08001640   0x08001640   0x0000001c   Code   RO         4744    i.LTDC_DitherCmd    stm32f4xx_ltdc.o
    0x0800165c   0x0800165c   0x000000a8   Code   RO         4751    i.LTDC_Init         stm32f4xx_ltdc.o
    0x08001704   0x08001704   0x00000014   Code   RO         4755    i.LTDC_LayerCmd     stm32f4xx_ltdc.o
    0x08001718   0x08001718   0x00000096   Code   RO         4756    i.LTDC_LayerInit    stm32f4xx_ltdc.o
    0x080017ae   0x080017ae   0x00000002   PAD
    0x080017b0   0x080017b0   0x0000000c   Code   RO         4763    i.LTDC_ReloadConfig  stm32f4xx_ltdc.o
    0x080017bc   0x080017bc   0x00000044   Code   RO         5542    i.MCO1_Init         dcmi_ov2640.o
    0x08001800   0x08001800   0x00000002   Code   RO         5325    i.MemManage_Handler  stm32f4xx_it.o
    0x08001802   0x08001802   0x00000002   Code   RO         5326    i.NMI_Handler       stm32f4xx_it.o
    0x08001804   0x08001804   0x00000064   Code   RO          164    i.NVIC_Init         misc.o
    0x08001868   0x08001868   0x00000014   Code   RO          165    i.NVIC_PriorityGroupConfig  misc.o
    0x0800187c   0x0800187c   0x00000030   Code   RO         5543    i.OV2640_AutoExposure  dcmi_ov2640.o
    0x080018ac   0x080018ac   0x00000038   Code   RO         5544    i.OV2640_BrightnessConfig  dcmi_ov2640.o
    0x080018e4   0x080018e4   0x00000188   Code   RO         5545    i.OV2640_Config     dcmi_ov2640.o
    0x08001a6c   0x08001a6c   0x00000026   Code   RO         5546    i.OV2640_Init       dcmi_ov2640.o
    0x08001a92   0x08001a92   0x00000016   Code   RO         5547    i.OV2640_Reset      dcmi_ov2640.o
    0x08001aa8   0x08001aa8   0x00000002   Code   RO         5327    i.PendSV_Handler    stm32f4xx_it.o
    0x08001aaa   0x08001aaa   0x00000002   PAD
    0x08001aac   0x08001aac   0x00000018   Code   RO         3388    i.RCC_AHB1PeriphClockCmd  stm32f4xx_rcc.o
    0x08001ac4   0x08001ac4   0x00000018   Code   RO         3391    i.RCC_AHB2PeriphClockCmd  stm32f4xx_rcc.o
    0x08001adc   0x08001adc   0x00000018   Code   RO         3394    i.RCC_AHB3PeriphClockCmd  stm32f4xx_rcc.o
    0x08001af4   0x08001af4   0x00000018   Code   RO         3397    i.RCC_APB1PeriphClockCmd  stm32f4xx_rcc.o
    0x08001b0c   0x08001b0c   0x00000018   Code   RO         3399    i.RCC_APB1PeriphResetCmd  stm32f4xx_rcc.o
    0x08001b24   0x08001b24   0x00000018   Code   RO         3400    i.RCC_APB2PeriphClockCmd  stm32f4xx_rcc.o
    0x08001b3c   0x08001b3c   0x0000000c   Code   RO         3407    i.RCC_ClockSecuritySystemCmd  stm32f4xx_rcc.o
    0x08001b48   0x08001b48   0x00000094   Code   RO         3409    i.RCC_GetClocksFreq  stm32f4xx_rcc.o
    0x08001bdc   0x08001bdc   0x00000034   Code   RO         3410    i.RCC_GetFlagStatus  stm32f4xx_rcc.o
    0x08001c10   0x08001c10   0x00000014   Code   RO         3421    i.RCC_LTDCCLKDivConfig  stm32f4xx_rcc.o
    0x08001c24   0x08001c24   0x0000000c   Code   RO         3430    i.RCC_PLLSAICmd     stm32f4xx_rcc.o
    0x08001c30   0x08001c30   0x00000014   Code   RO         3431    i.RCC_PLLSAIConfig  stm32f4xx_rcc.o
    0x08001c44   0x08001c44   0x00000048   Code   RO         6043    i.Resolution_GetBufSize  dcmi.o
    0x08001c8c   0x08001c8c   0x0000000c   Code   RO         5627    i.SCCB_GPIO_Init    sccb.o
    0x08001c98   0x08001c98   0x0000001a   Code   RO         5548    i.SCCB_WriteRegs    dcmi_ov2640.o
    0x08001cb2   0x08001cb2   0x00000002   PAD
    0x08001cb4   0x08001cb4   0x00000200   Code   RO         5664    i.SDRAM_GPIOConfig  32f429_sdram.o
    0x08001eb4   0x08001eb4   0x0000005c   Code   RO         5665    i.SDRAM_Init        32f429_sdram.o
    0x08001f10   0x08001f10   0x000000b4   Code   RO         5666    i.SDRAM_InitSequence  32f429_sdram.o
    0x08001fc4   0x08001fc4   0x000000c0   Code   RO         5416    i.STM_EVAL_COMInit  stm324x9i_eval.o
    0x08002084   0x08002084   0x00000002   Code   RO         5328    i.SVC_Handler       stm32f4xx_it.o
    0x08002086   0x08002086   0x00000002   PAD
    0x08002088   0x08002088   0x000000d0   Code   RO            4    i.SetSysClock       system_stm32f4xx.o
    0x08002158   0x08002158   0x00000004   Code   RO         5329    i.SysTick_Handler   stm32f4xx_it.o
    0x0800215c   0x0800215c   0x0000005c   Code   RO            6    i.SystemInit        system_stm32f4xx.o
    0x080021b8   0x080021b8   0x00000018   Code   RO         5189    i.TimingDelay_Decrement  main.o
    0x080021d0   0x080021d0   0x00000014   Code   RO         3934    i.USART_Cmd         stm32f4xx_usart.o
    0x080021e4   0x080021e4   0x0000002e   Code   RO         5503    i.USART_Config      usart.o
    0x08002212   0x08002212   0x0000000e   Code   RO         3937    i.USART_GetFlagStatus  stm32f4xx_usart.o
    0x08002220   0x08002220   0x000000ac   Code   RO         3941    i.USART_Init        stm32f4xx_usart.o
    0x080022cc   0x080022cc   0x00000008   Code   RO         3951    i.USART_SendData    stm32f4xx_usart.o
    0x080022d4   0x080022d4   0x00000002   Code   RO         5330    i.UsageFault_Handler  stm32f4xx_it.o
    0x080022d6   0x080022d6   0x00000002   PAD
    0x080022d8   0x080022d8   0x00000020   Code   RO         6296    i.__0printf$8       mc_w.l(printf8.o)
    0x080022f8   0x080022f8   0x00000028   Code   RO         6298    i.__0sprintf$8      mc_w.l(printf8.o)
    0x08002320   0x08002320   0x0000000e   Code   RO         6392    i.__scatterload_copy  mc_w.l(handlers.o)
    0x0800232e   0x0800232e   0x00000002   Code   RO         6393    i.__scatterload_null  mc_w.l(handlers.o)
    0x08002330   0x08002330   0x0000000e   Code   RO         6394    i.__scatterload_zeroinit  mc_w.l(handlers.o)
    0x0800233e   0x0800233e   0x00000002   PAD
    0x08002340   0x08002340   0x00000410   Code   RO         6303    i._printf_core      mc_w.l(printf8.o)
    0x08002750   0x08002750   0x00000024   Code   RO         6304    i._printf_post_padding  mc_w.l(printf8.o)
    0x08002774   0x08002774   0x0000002e   Code   RO         6305    i._printf_pre_padding  mc_w.l(printf8.o)
    0x080027a2   0x080027a2   0x0000000a   Code   RO         6307    i._sputc            mc_w.l(printf8.o)
    0x080027ac   0x080027ac   0x00000024   Code   RO         5505    i.fputc             usart.o
    0x080027d0   0x080027d0   0x000004f8   Code   RO         5190    i.main              main.o
    0x08002cc8   0x08002cc8   0x0000005c   Data   RO         5423    .constdata          stm324x9i_eval.o
    0x08002d24   0x08002d24   0x000002eb   Data   RO         5549    .constdata          dcmi_ov2640.o
    0x0800300f   0x0800300f   0x00000001   PAD
    0x08003010   0x08003010   0x000011d0   Data   RO         5755    .constdata          32f429_lcd.o
    0x080041e0   0x080041e0   0x00000900   Data   RO         5757    .constdata          32f429_lcd.o
    0x08004ae0   0x08004ae0   0x00000020   Data   RO         6390    Region$$Table       anon$$obj.o


    Execution Region RW_IRAM1 (Exec base: 0x20000000, Load base: 0x08004b00, Size: 0x00000488, Max: 0x00030000, ABSOLUTE)

    Exec Addr    Load Addr    Size         Type   Attr      Idx    E Section Name        Object

    0x20000000   0x08004b00   0x00000014   Data   RW            7    .data               system_stm32f4xx.o
    0x20000014   0x08004b14   0x00000010   Data   RW         3441    .data               stm32f4xx_rcc.o
    0x20000024   0x08004b24   0x00000010   Data   RW         5191    .data               main.o
    0x20000034   0x08004b34   0x00000002   Data   RW         5193    .data               main.o
    0x20000036   0x08004b36   0x00000001   Data   RW         5194    .data               main.o
    0x20000037   0x08004b37   0x00000001   PAD
    0x20000038   0x08004b38   0x00000028   Data   RW         5424    .data               stm324x9i_eval.o
    0x20000060   0x08004b60   0x00000018   Data   RW         5759    .data               32f429_lcd.o
    0x20000078   0x08004b78   0x00000008   Data   RW         5761    .data               32f429_lcd.o
    0x20000080   0x08004b80   0x00000004   Data   RW         6364    .data               mc_w.l(stdout.o)
    0x20000084   0x08004b84   0x00000004   PAD
    0x20000088        -       0x00000400   Zero   RW          154    STACK               startup_stm32f429_439xx.o


==============================================================================

Image component sizes


      Code (inc. data)   RO Data    RW Data    ZI Data      Debug   Object Name

      1102         98       6864         32          0      10032   32f429_lcd.o
       784         28          0          0          0       2681   32f429_sdram.o
       636         58          0          0          0       2417   dcmi.o
       752         38        747          0          0      14862   dcmi_ov2640.o
       940         34          0          0          0       3067   i2c.o
      1316        484          0         19          0     271521   main.o
       120         14          0          0          0      19191   misc.o
        96         16          0          0          0       3010   sccb.o
        36          8        428          0       1024        984   startup_stm32f429_439xx.o
       192          8         92         40          0       6039   stm324x9i_eval.o
       216         46          0          0          0      10137   stm32f4xx_dcmi.o
       634         52          0          0          0      22096   stm32f4xx_dma.o
       394          4          0          0          0      18355   stm32f4xx_fmc.o
       212          0          0          0          0      10257   stm32f4xx_gpio.o
       452         22          0          0          0      17714   stm32f4xx_i2c.o
       272         48          0          0          0       5750   stm32f4xx_it.o
       406         30          0          0          0      11609   stm32f4xx_ltdc.o
       408         80          0         16          0      26673   stm32f4xx_rcc.o
       214          8          0          0          0      10168   stm32f4xx_usart.o
       300         36          0         20          0     316781   system_stm32f4xx.o
        82          6          0          0          0       1163   usart.o

    ----------------------------------------------------------------------
      9582       1118       8164        128       1024     784507   Object Totals
         0          0         32          0          0          0   (incl. Generated)
        18          0          1          1          0          0   (incl. Padding)

    ----------------------------------------------------------------------

      Code (inc. data)   RO Data    RW Data    ZI Data      Debug   Library Member Name

         0          0          0          0          0          0   entry.o
         0          0          0          0          0          0   entry10a.o
         0          0          0          0          0          0   entry11a.o
         8          4          0          0          0          0   entry2.o
         4          0          0          0          0          0   entry5.o
         0          0          0          0          0          0   entry7b.o
         0          0          0          0          0          0   entry8b.o
         8          4          0          0          0          0   entry9a.o
        30          0          0          0          0          0   handlers.o
        36          8          0          0          0         68   init.o
        30          0          0          0          0         68   llshl.o
        32          0          0          0          0         68   llushr.o
      1204         60          0          0          0        504   printf8.o
         0          0          0          4          0          0   stdout.o
        98          0          0          0          0         92   uldiv.o

    ----------------------------------------------------------------------
      1454         76          0          4          4        800   Library Totals
         4          0          0          0          4          0   (incl. Padding)

    ----------------------------------------------------------------------

      Code (inc. data)   RO Data    RW Data    ZI Data      Debug   Library Name

      1450         76          0          4          0        800   mc_w.l

    ----------------------------------------------------------------------
      1454         76          0          4          4        800   Library Totals

    ----------------------------------------------------------------------

==============================================================================


      Code (inc. data)   RO Data    RW Data    ZI Data      Debug   

     11036       1194       8164        132       1028     774647   Grand Totals
     11036       1194       8164        132       1028     774647   ELF Image Totals
     11036       1194       8164        132          0          0   ROM Totals

==============================================================================

    Total RO  Size (Code + RO Data)                19200 (  18.75kB)
    Total RW  Size (RW Data + ZI Data)              1160 (   1.13kB)
    Total ROM Size (Code + RO Data + RW Data)      19332 (  18.88kB)

==============================================================================

